Component: Arm Compiler for Embedded 6.19 Tool: armlink [5e73cb00]

==============================================================================

Section Cross References

    startup_stm32f429xx.o(RESET) refers to startup_stm32f429xx.o(STACK) for __initial_sp
    startup_stm32f429xx.o(RESET) refers to startup_stm32f429xx.o(.text) for Reset_Handler
    startup_stm32f429xx.o(RESET) refers to stm32f4xx_it.o(.text.NMI_Handler) for NMI_Handler
    startup_stm32f429xx.o(RESET) refers to stm32f4xx_it.o(.text.HardFault_Handler) for HardFault_Handler
    startup_stm32f429xx.o(RESET) refers to stm32f4xx_it.o(.text.MemManage_Handler) for MemManage_Handler
    startup_stm32f429xx.o(RESET) refers to stm32f4xx_it.o(.text.BusFault_Handler) for BusFault_Handler
    startup_stm32f429xx.o(RESET) refers to stm32f4xx_it.o(.text.UsageFault_Handler) for UsageFault_Handler
    startup_stm32f429xx.o(RESET) refers to stm32f4xx_it.o(.text.SVC_Handler) for SVC_Handler
    startup_stm32f429xx.o(RESET) refers to stm32f4xx_it.o(.text.DebugMon_Handler) for DebugMon_Handler
    startup_stm32f429xx.o(RESET) refers to stm32f4xx_it.o(.text.PendSV_Handler) for PendSV_Handler
    startup_stm32f429xx.o(RESET) refers to stm32f4xx_it.o(.text.SysTick_Handler) for SysTick_Handler
    startup_stm32f429xx.o(RESET) refers to stm32f4xx_it.o(.text.DMA1_Stream5_IRQHandler) for DMA1_Stream5_IRQHandler
    startup_stm32f429xx.o(RESET) refers to stm32f4xx_it.o(.text.DMA1_Stream6_IRQHandler) for DMA1_Stream6_IRQHandler
    startup_stm32f429xx.o(RESET) refers to stm32f4xx_it.o(.text.ADC_IRQHandler) for ADC_IRQHandler
    startup_stm32f429xx.o(RESET) refers to stm32f4xx_it.o(.text.USART1_IRQHandler) for USART1_IRQHandler
    startup_stm32f429xx.o(RESET) refers to stm32f4xx_it.o(.text.DMA2_Stream0_IRQHandler) for DMA2_Stream0_IRQHandler
    startup_stm32f429xx.o(.text) refers to system_stm32f4xx.o(.text.SystemInit) for SystemInit
    startup_stm32f429xx.o(.text) refers to entry.o(.ARM.Collect$$$$00000000) for __main
    main.o(.text.main) refers to stm32f4xx_hal.o(.text.HAL_Init) for HAL_Init
    main.o(.text.main) refers to main.o(.text.SystemClock_Config) for SystemClock_Config
    main.o(.text.main) refers to gpio.o(.text.MX_GPIO_Init) for MX_GPIO_Init
    main.o(.text.main) refers to dma.o(.text.MX_DMA_Init) for MX_DMA_Init
    main.o(.text.main) refers to adc.o(.text.MX_ADC1_Init) for MX_ADC1_Init
    main.o(.text.main) refers to usart.o(.text.MX_USART1_UART_Init) for MX_USART1_UART_Init
    main.o(.text.main) refers to tim.o(.text.MX_TIM2_Init) for MX_TIM2_Init
    main.o(.text.main) refers to dac.o(.text.MX_DAC_Init) for MX_DAC_Init
    main.o(.text.main) refers to puts.o(i.puts) for puts
    main.o(.text.main) refers to main.o(.bss.input_signal_buffer) for input_signal_buffer
    main.o(.text.main) refers to adc.o(.bss.hadc1) for hadc1
    main.o(.text.main) refers to stm32f4xx_hal_adc.o(.text.HAL_ADC_Start_DMA) for HAL_ADC_Start_DMA
    main.o(.text.main) refers to tim.o(.bss.htim2) for htim2
    main.o(.text.main) refers to stm32f4xx_hal_tim.o(.text.HAL_TIM_PWM_Start) for HAL_TIM_PWM_Start
    main.o(.text.main) refers to dac.o(.bss.hdac) for hdac
    main.o(.text.main) refers to stm32f4xx_hal_dac.o(.text.HAL_DAC_Start_DMA) for HAL_DAC_Start_DMA
    main.o(.text.main) refers to main.o(.bss.output_chanel_2) for output_chanel_2
    main.o(.text.main) refers to main.o(.bss..L_MergedGlobals.18) for .L_MergedGlobals.18
    main.o(.text.main) refers to main.o(.bss.rx_buffer) for rx_buffer
    main.o(.text.main) refers to usart.o(.bss.huart1) for huart1
    main.o(.text.main) refers to stm32f4xx_hal_uart.o(.text.HAL_UART_Receive_IT) for HAL_UART_Receive_IT
    main.o(.text.main) refers to main.o(.data..L_MergedGlobals) for .L_MergedGlobals
    main.o(.text.main) refers to main.o(.rodata.str1.1) for .L.str.3
    main.o(.text.main) refers to printfa.o(i.__0printf) for __2printf
    main.o(.text.main) refers to dfltui.o(.text) for __aeabi_ui2d
    main.o(.text.main) refers to dmul.o(.text) for __aeabi_dmul
    main.o(.text.main) refers to ddiv.o(.text) for __aeabi_ddiv
    main.o(.text.main) refers to d2f.o(.text) for __aeabi_d2f
    main.o(.text.main) refers to floorf.o(i.__hardfp_floorf) for __hardfp_floorf
    main.o(.text.main) refers to main.o(.bss.ref_cos_lut) for ref_cos_lut
    main.o(.text.main) refers to main.o(.bss.ref_sin_lut) for ref_sin_lut
    main.o(.text.main) refers to f2d.o(.text) for __aeabi_f2d
    main.o(.text.main) refers to dadd.o(.text) for __aeabi_dadd
    main.o(.text.main) refers to dcmplt.o(.text) for __aeabi_dcmplt
    main.o(.text.main) refers to fmodf.o(i.__hardfp_fmodf) for __hardfp_fmodf
    main.o(.text.main) refers to atan2f.o(i.__hardfp_atan2f) for __hardfp_atan2f
    main.o(.text.main) refers to main.o(.text.auto_frequency_tracking) for auto_frequency_tracking
    main.o(.text.main) refers to cosf.o(i.__hardfp_cosf) for __hardfp_cosf
    main.o(.text.main) refers to dfixi.o(.text) for __aeabi_d2iz
[...]
    ../fplib/microlib/fpepilogue.c           0x00000000   Number         0  depilogue.o ABSOLUTE
    ../fplib/microlib/fpfix.c                0x00000000   Number         0  dfixi.o ABSOLUTE
    ../fplib/microlib/fpfix.c                0x00000000   Number         0  dfixul.o ABSOLUTE
    ../fplib/microlib/fpflt.c                0x00000000   Number         0  dfltui.o ABSOLUTE
    ../fplib/microlib/fpmul.c                0x00000000   Number         0  dmul.o ABSOLUTE
    ../fplib/microlib/fprem.c                0x00000000   Number         0  frem.o ABSOLUTE
    ../mathlib/atan2f.c                      0x00000000   Number         0  atan2f.o ABSOLUTE
    ../mathlib/cosf.c                        0x00000000   Number         0  cosf.o ABSOLUTE
    ../mathlib/floorf.c                      0x00000000   Number         0  floorf.o ABSOLUTE
    ../mathlib/fmodf.c                       0x00000000   Number         0  fmodf.o ABSOLUTE
    ../mathlib/fpclassifyf.c                 0x00000000   Number         0  fpclassifyf.o ABSOLUTE
    ../mathlib/funder.c                      0x00000000   Number         0  funder.o ABSOLUTE
    ../mathlib/rredf.c                       0x00000000   Number         0  rredf.o ABSOLUTE
    ../mathlib/sinf.c                        0x00000000   Number         0  sinf.o ABSOLUTE
    adc.c                                    0x00000000   Number         0  adc.o ABSOLUTE
    cdrcmple.s                               0x00000000   Number         0  cdrcmple.o ABSOLUTE
    dac.c                                    0x00000000   Number         0  dac.o ABSOLUTE
    dc.s                                     0x00000000   Number         0  dc.o ABSOLUTE
    dma.c                                    0x00000000   Number         0  dma.o ABSOLUTE
    gpio.c                                   0x00000000   Number         0  gpio.o ABSOLUTE
    handlers.s                               0x00000000   Number         0  handlers.o ABSOLUTE
    init.s                                   0x00000000   Number         0  init.o ABSOLUTE
    main.c                                   0x00000000   Number         0  main.o ABSOLUTE
    startup_stm32f429xx.s                    0x00000000   Number         0  startup_stm32f429xx.o ABSOLUTE
    stm32f4xx_hal.c                          0x00000000   Number         0  stm32f4xx_hal.o ABSOLUTE
    stm32f4xx_hal_adc.c                      0x00000000   Number         0  stm32f4xx_hal_adc.o ABSOLUTE
    stm32f4xx_hal_adc_ex.c                   0x00000000   Number         0  stm32f4xx_hal_adc_ex.o ABSOLUTE
    stm32f4xx_hal_cortex.c                   0x00000000   Number         0  stm32f4xx_hal_cortex.o ABSOLUTE
    stm32f4xx_hal_dac.c                      0x00000000   Number         0  stm32f4xx_hal_dac.o ABSOLUTE
    stm32f4xx_hal_dac_ex.c                   0x00000000   Number         0  stm32f4xx_hal_dac_ex.o ABSOLUTE
    stm32f4xx_hal_dma.c                      0x00000000   Number         0  stm32f4xx_hal_dma.o ABSOLUTE
    stm32f4xx_hal_dma_ex.c                   0x00000000   Number         0  stm32f4xx_hal_dma_ex.o ABSOLUTE
    stm32f4xx_hal_exti.c                     0x00000000   Number         0  stm32f4xx_hal_exti.o ABSOLUTE
    stm32f4xx_hal_flash.c                    0x00000000   Number         0  stm32f4xx_hal_flash.o ABSOLUTE
    stm32f4xx_hal_flash_ex.c                 0x00000000   Number         0  stm32f4xx_hal_flash_ex.o ABSOLUTE
    stm32f4xx_hal_flash_ramfunc.c            0x00000000   Number         0  stm32f4xx_hal_flash_ramfunc.o ABSOLUTE
    stm32f4xx_hal_gpio.c                     0x00000000   Number         0  stm32f4xx_hal_gpio.o ABSOLUTE
    stm32f4xx_hal_msp.c                      0x00000000   Number         0  stm32f4xx_hal_msp.o ABSOLUTE
    stm32f4xx_hal_pwr.c                      0x00000000   Number         0  stm32f4xx_hal_pwr.o ABSOLUTE
    stm32f4xx_hal_pwr_ex.c                   0x00000000   Number         0  stm32f4xx_hal_pwr_ex.o ABSOLUTE
    stm32f4xx_hal_rcc.c                      0x00000000   Number         0  stm32f4xx_hal_rcc.o ABSOLUTE
    stm32f4xx_hal_rcc_ex.c                   0x00000000   Number         0  stm32f4xx_hal_rcc_ex.o ABSOLUTE
    stm32f4xx_hal_tim.c                      0x00000000   Number         0  stm32f4xx_hal_tim.o ABSOLUTE
    stm32f4xx_hal_tim_ex.c                   0x00000000   Number         0  stm32f4xx_hal_tim_ex.o ABSOLUTE
    stm32f4xx_hal_uart.c                     0x00000000   Number         0  stm32f4xx_hal_uart.o ABSOLUTE
    stm32f4xx_it.c                           0x00000000   Number         0  stm32f4xx_it.o ABSOLUTE
    stm32f4xx_ll_adc.c                       0x00000000   Number         0  stm32f4xx_ll_adc.o ABSOLUTE
    system_stm32f4xx.c                       0x00000000   Number         0  system_stm32f4xx.o ABSOLUTE
    tim.c                                    0x00000000   Number         0  tim.o ABSOLUTE
    usart.c                                  0x00000000   Number         0  usart.o ABSOLUTE
    RESET                                    0x08000000   Section      428  startup_stm32f429xx.o(RESET)
    .ARM.Collect$$$$00000000                 0x080001ac   Section        0  entry.o(.ARM.Collect$$$$00000000)
    .ARM.Collect$$$$00000001                 0x080001ac   Section        4  entry2.o(.ARM.Collect$$$$00000001)
    .ARM.Collect$$$$00000004                 0x080001b0   Section        4  entry5.o(.ARM.Collect$$$$00000004)
    .ARM.Collect$$$$00000008                 0x080001b4   Section        0  entry7b.o(.ARM.Collect$$$$00000008)
    .ARM.Collect$$$$0000000A                 0x080001b4   Section        0  entry8b.o(.ARM.Collect$$$$0000000A)
    .ARM.Collect$$$$0000000B                 0x080001b4   Section        8  entry9a.o(.ARM.Collect$$$$0000000B)
    __lit__00000000                          0x080001bc   Data           4  entry2.o(.ARM.Collect$$$$00002712)
    .ARM.Collect$$$$0000000D                 0x080001bc   Section        0  entry10a.o(.ARM.Collect$$$$0000000D)
    .ARM.Collect$$$$0000000F                 0x080001bc   Section        0  entry11a.o(.ARM.Collect$$$$0000000F)
    .ARM.Collect$$$$00002712                 0x080001bc   Section        4  entry2.o(.ARM.Collect$$$$00002712)
    $v0                                      0x080001c0   Number         0  startup_stm32f429xx.o(.text)
    .text                                    0x080001c0   Section       36  startup_stm32f429xx.o(.text)
    .text                                    0x080001e4   Section        0  uldiv.o(.text)
    .text                                    0x08000246   Section        0  memcmp.o(.text)
    .text                                    0x08000260   Section        0  atoi.o(.text)
    .text                                    0x0800027a   Section        0  dadd.o(.text)
    .text                                    0x080003c8   Section        0  dmul.o(.text)
    .text                                    0x080004ac   Section        0  ddiv.o(.text)
    .text                                    0x0800058a   Section        0  dcmplt.o(.text)
    .text                                    0x080005c0   Section        0  dfltui.o(.text)
    .text                                    0x080005da   Section        0  dfixi.o(.text)
    .text                                    0x08000618   Section        0  f2d.o(.text)
    .text                                    0x0800063e   Section        0  d2f.o(.text)
    .text                                    0x08000676   Section        0  uidiv.o(.text)
    .text                                    0x080006a2   Section        0  llshl.o(.text)
    .text                                    0x080006c0   Section        0  llushr.o(.text)
    .text                                    0x080006e0   Section        0  llsshr.o(.text)
    .text                                    0x08000704   Section        0  strtol.o(.text)
    .text                                    0x08000774   Section        0  iusefp.o(.text)
    .text                                    0x08000774   Section        0  fepilogue.o(.text)
    .text                                    0x080007e2   Section        0  frem.o(.text)
    .text                                    0x08000834   Section        0  depilogue.o(.text)
    .text                                    0x080008ee   Section        0  dfixul.o(.text)
    .text                                    0x08000920   Section       48  cdrcmple.o(.text)
    .text                                    0x08000950   Section       36  init.o(.text)
    .text                                    0x08000974   Section        0  ctype_o.o(.text)
    .text                                    0x0800097c   Section        0  _strtoul.o(.text)
    .text                                    0x08000a1a   Section        0  _chval.o(.text)
    ADC_DMAConvCplt                          0x08000a39   Thumb Code   110  stm32f4xx_hal_adc.o(.text.ADC_DMAConvCplt)
    [Anonymous Symbol]                       0x08000a38   Section        0  stm32f4xx_hal_adc.o(.text.ADC_DMAConvCplt)
    ADC_DMAError                             0x08000aa9   Thumb Code    18  stm32f4xx_hal_adc.o(.text.ADC_DMAError)
    [Anonymous Symbol]                       0x08000aa8   Section        0  stm32f4xx_hal_adc.o(.text.ADC_DMAError)
    ADC_DMAHalfConvCplt                      0x08000abd   Thumb Code     6  stm32f4xx_hal_adc.o(.text.ADC_DMAHalfConvCplt)
    [Anonymous Symbol]                       0x08000abc   Section        0  stm32f4xx_hal_adc.o(.text.ADC_DMAHalfConvCplt)
    [Anonymous Symbol]                       0x08000ac4   Section        0  stm32f4xx_it.o(.text.ADC_IRQHandler)
    [Anonymous Symbol]                       0x08000ad0   Section        0  stm32f4xx_it.o(.text.BusFault_Handler)
    [Anonymous Symbol]                       0x08000ad4   Section        0  stm32f4xx_hal_dac.o(.text.DAC_DMAConvCpltCh1)
    [Anonymous Symbol]                       0x08000ae4   Section        0  stm32f4xx_hal_dac_ex.o(.text.DAC_DMAConvCpltCh2)
    [Anonymous Symbol]                       0x08000af4   Section        0  stm32f4xx_hal_dac.o(.text.DAC_DMAErrorCh1)
    [Anonymous Symbol]                       0x08000b0c   Section        0  stm32f4xx_hal_dac_ex.o(.text.DAC_DMAErrorCh2)
    [Anonymous Symbol]                       0x08000b24   Section        0  stm32f4xx_hal_dac.o(.text.DAC_DMAHalfConvCpltCh1)
    [Anonymous Symbol]                       0x08000b2c   Section        0  stm32f4xx_hal_dac_ex.o(.text.DAC_DMAHalfConvCpltCh2)
    [Anonymous Symbol]                       0x08000b34   Section        0  stm32f4xx_it.o(.text.DMA1_Stream5_IRQHandler)
    [Anonymous Symbol]                       0x08000b40   Section        0  stm32f4xx_it.o(.text.DMA1_Stream6_IRQHandler)
    [Anonymous Symbol]                       0x08000b4c   Section        0  stm32f4xx_it.o(.text.DMA2_Stream0_IRQHandler)
    [Anonymous Symbol]                       0x08000b58   Section        0  stm32f4xx_it.o(.text.DebugMon_Handler)
    [Anonymous Symbol]                       0x08000b5c   Section        0  main.o(.text.Error_Handler)
    [Anonymous Symbol]                       0x08000b64   Section        0  stm32f4xx_hal_adc_ex.o(.text.HAL_ADCEx_InjectedConvCpltCallback)
    [Anonymous Symbol]                       0x08000b68   Section        0  stm32f4xx_hal_adc.o(.text.HAL_ADC_ConfigChannel)
    [Anonymous Symbol]                       0x08000cdc   Section        0  main.o(.text.HAL_ADC_ConvCpltCallback)
    [Anonymous Symbol]                       0x08000ce0   Section        0  main.o(.text.HAL_ADC_ConvHalfCpltCallback)
    [Anonymous Symbol]                       0x08000d00   Section        0  stm32f4xx_hal_adc.o(.text.HAL_ADC_ErrorCallback)
    [Anonymous Symbol]                       0x08000d04   Section        0  stm32f4xx_hal_adc.o(.text.HAL_ADC_IRQHandler)
    [Anonymous Symbol]                       0x08000e3c   Section        0  stm32f4xx_hal_adc.o(.text.HAL_ADC_Init)
    [Anonymous Symbol]                       0x08000f9c   Section        0  stm32f4xx_hal_adc.o(.text.HAL_ADC_LevelOutOfWindowCallback)
    [Anonymous Symbol]                       0x08000fa0   Section        0  adc.o(.text.HAL_ADC_MspInit)
    [Anonymous Symbol]                       0x08001060   Section        0  stm32f4xx_hal_adc.o(.text.HAL_ADC_Start_DMA)
    [Anonymous Symbol]                       0x080011fc   Section        0  stm32f4xx_hal_dac_ex.o(.text.HAL_DACEx_ConvCpltCallbackCh2)
    [Anonymous Symbol]                       0x08001200   Section        0  stm32f4xx_hal_dac_ex.o(.text.HAL_DACEx_ConvHalfCpltCallbackCh2)
    [Anonymous Symbol]                       0x08001204   Section        0  stm32f4xx_hal_dac_ex.o(.text.HAL_DACEx_ErrorCallbackCh2)
    [Anonymous Symbol]                       0x08001208   Section        0  stm32f4xx_hal_dac.o(.text.HAL_DAC_ConfigChannel)
    [Anonymous Symbol]                       0x08001268   Section        0  stm32f4xx_hal_dac.o(.text.HAL_DAC_ConvCpltCallbackCh1)
    [Anonymous Symbol]                       0x0800126c   Section        0  stm32f4xx_hal_dac.o(.text.HAL_DAC_ConvHalfCpltCallbackCh1)
    [Anonymous Symbol]                       0x08001270   Section        0  stm32f4xx_hal_dac.o(.text.HAL_DAC_ErrorCallbackCh1)
    [Anonymous Symbol]                       0x08001274   Section        0  stm32f4xx_hal_dac.o(.text.HAL_DAC_Init)
    [Anonymous Symbol]                       0x0800129c   Section        0  dac.o(.text.HAL_DAC_MspInit)
    [Anonymous Symbol]                       0x0800139c   Section        0  stm32f4xx_hal_dac.o(.text.HAL_DAC_Start_DMA)
    [Anonymous Symbol]                       0x08001490   Section        0  stm32f4xx_hal_dma.o(.text.HAL_DMA_Abort)
    [Anonymous Symbol]                       0x08001520   Section        0  stm32f4xx_hal_dma.o(.text.HAL_DMA_Abort_IT)
    [Anonymous Symbol]                       0x08001544   Section        0  stm32f4xx_hal_dma.o(.text.HAL_DMA_IRQHandler)
    [Anonymous Symbol]                       0x08001704   Section        0  stm32f4xx_hal_dma.o(.text.HAL_DMA_Init)
    [Anonymous Symbol]                       0x08001868   Section        0  stm32f4xx_hal_dma.o(.text.HAL_DMA_Start_IT)
    [Anonymous Symbol]                       0x08001908   Section        0  stm32f4xx_hal_gpio.o(.text.HAL_GPIO_Init)
    [Anonymous Symbol]                       0x08001ab0   Section        0  stm32f4xx_hal.o(.text.HAL_GetTick)
    [Anonymous Symbol]                       0x08001abc   Section        0  stm32f4xx_hal.o(.text.HAL_IncTick)
    [Anonymous Symbol]                       0x08001ad8   Section        0  stm32f4xx_hal.o(.text.HAL_Init)
    [Anonymous Symbol]                       0x08001b10   Section        0  stm32f4xx_hal.o(.text.HAL_InitTick)
    [Anonymous Symbol]                       0x08001b58   Section        0  stm32f4xx_hal_msp.o(.text.HAL_MspInit)
    [Anonymous Symbol]                       0x08001b90   Section        0  stm32f4xx_hal_cortex.o(.text.HAL_NVIC_EnableIRQ)
    [Anonymous Symbol]                       0x08001bb8   Section        0  stm32f4xx_hal_cortex.o(.text.HAL_NVIC_SetPriority)
    [Anonymous Symbol]                       0x08001c10   Section        0  stm32f4xx_hal_cortex.o(.text.HAL_NVIC_SetPriorityGrouping)
    [Anonymous Symbol]                       0x08001c30   Section        0  stm32f4xx_hal_rcc.o(.text.HAL_RCC_ClockConfig)
    [Anonymous Symbol]                       0x08001d90   Section        0  stm32f4xx_hal_rcc.o(.text.HAL_RCC_GetPCLK1Freq)
    [Anonymous Symbol]                       0x08001db8   Section        0  stm32f4xx_hal_rcc.o(.text.HAL_RCC_GetPCLK2Freq)
    [Anonymous Symbol]                       0x08001de0   Section        0  stm32f4xx_hal_rcc.o(.text.HAL_RCC_GetSysClockFreq)
    [Anonymous Symbol]                       0x08001e4c   Section        0  stm32f4xx_hal_rcc.o(.text.HAL_RCC_OscConfig)
    [Anonymous Symbol]                       0x080021c0   Section        0  stm32f4xx_hal_cortex.o(.text.HAL_SYSTICK_Config)
    [Anonymous Symbol]                       0x080021ec   Section        0  stm32f4xx_hal_tim_ex.o(.text.HAL_TIMEx_MasterConfigSynchronization)
    [Anonymous Symbol]                       0x080022a4   Section        0  stm32f4xx_hal_tim.o(.text.HAL_TIM_Base_Init)
    [Anonymous Symbol]                       0x08002300   Section        0  tim.o(.text.HAL_TIM_Base_MspInit)
    [Anonymous Symbol]                       0x08002334   Section        0  stm32f4xx_hal_tim.o(.text.HAL_TIM_ConfigClockSource)
    [Anonymous Symbol]                       0x080024d0   Section        0  stm32f4xx_hal_tim.o(.text.HAL_TIM_PWM_ConfigChannel)
    [Anonymous Symbol]                       0x080026f4   Section        0  stm32f4xx_hal_tim.o(.text.HAL_TIM_PWM_Init)
    [Anonymous Symbol]                       0x08002750   Section        0  stm32f4xx_hal_tim.o(.text.HAL_TIM_PWM_MspInit)
    [Anonymous Symbol]                       0x08002754   Section        0  stm32f4xx_hal_tim.o(.text.HAL_TIM_PWM_Start)
    [Anonymous Symbol]                       0x08002868   Section        0  stm32f4xx_hal_uart.o(.text.HAL_UARTEx_RxEventCallback)
    [Anonymous Symbol]                       0x0800286c   Section        0  stm32f4xx_hal_uart.o(.text.HAL_UART_ErrorCallback)
    [Anonymous Symbol]                       0x08002870   Section        0  stm32f4xx_hal_uart.o(.text.HAL_UART_IRQHandler)
    [Anonymous Symbol]                       0x08002df4   Section        0  stm32f4xx_hal_uart.o(.text.HAL_UART_Init)
    [Anonymous Symbol]                       0x08002e54   Section        0  usart.o(.text.HAL_UART_MspInit)
    [Anonymous Symbol]                       0x08002ed0   Section        0  stm32f4xx_hal_uart.o(.text.HAL_UART_Receive_IT)
    [Anonymous Symbol]                       0x08002f24   Section        0  main.o(.text.HAL_UART_RxCpltCallback)
    [Anonymous Symbol]                       0x08003088   Section        0  stm32f4xx_hal_uart.o(.text.HAL_UART_Transmit)
    [Anonymous Symbol]                       0x08003200   Section        0  stm32f4xx_hal_uart.o(.text.HAL_UART_TxCpltCallback)
    [Anonymous Symbol]                       0x08003204   Section        0  stm32f4xx_it.o(.text.HardFault_Handler)
    [Anonymous Symbol]                       0x08003208   Section        0  adc.o(.text.MX_ADC1_Init)
    [Anonymous Symbol]                       0x08003278   Section        0  dac.o(.text.MX_DAC_Init)
    [Anonymous Symbol]                       0x080032d8   Section        0  dma.o(.text.MX_DMA_Init)
    [Anonymous Symbol]                       0x08003344   Section        0  gpio.o(.text.MX_GPIO_Init)
    [Anonymous Symbol]                       0x08003390   Section        0  tim.o(.text.MX_TIM2_Init)
    [Anonymous Symbol]                       0x08003450   Section        0  usart.o(.text.MX_USART1_UART_Init)
    [Anonymous Symbol]                       0x0800348c   Section        0  stm32f4xx_it.o(.text.MemManage_Handler)
    [Anonymous Symbol]                       0x08003490   Section        0  stm32f4xx_it.o(.text.NMI_Handler)
    [Anonymous Symbol]                       0x08003494   Section        0  stm32f4xx_it.o(.text.PendSV_Handler)
    [Anonymous Symbol]                       0x08003498   Section        0  stm32f4xx_it.o(.text.SVC_Handler)
    [Anonymous Symbol]                       0x0800349c   Section        0  stm32f4xx_it.o(.text.SysTick_Handler)
    [Anonymous Symbol]                       0x080034a0   Section        0  main.o(.text.SystemClock_Config)
    [Anonymous Symbol]                       0x0800354c   Section        0  system_stm32f4xx.o(.text.SystemInit)
    [Anonymous Symbol]                       0x08003560   Section        0  stm32f4xx_hal_tim.o(.text.TIM_Base_SetConfig)
    UART_DMAAbortOnError                     0x080036a5   Thumb Code    10  stm32f4xx_hal_uart.o(.text.UART_DMAAbortOnError)
    [Anonymous Symbol]                       0x080036a4   Section        0  stm32f4xx_hal_uart.o(.text.UART_DMAAbortOnError)
    UART_Receive_IT                          0x080036b1   Thumb Code   254  stm32f4xx_hal_uart.o(.text.UART_Receive_IT)
    [Anonymous Symbol]                       0x080036b0   Section        0  stm32f4xx_hal_uart.o(.text.UART_Receive_IT)
    UART_SetConfig                           0x080037b1   Thumb Code   238  stm32f4xx_hal_uart.o(.text.UART_SetConfig)
    [Anonymous Symbol]                       0x080037b0   Section        0  stm32f4xx_hal_uart.o(.text.UART_SetConfig)
    [Anonymous Symbol]                       0x080038a0   Section        0  stm32f4xx_it.o(.text.USART1_IRQHandler)
    [Anonymous Symbol]                       0x080038ac   Section        0  stm32f4xx_it.o(.text.UsageFault_Handler)
    [Anonymous Symbol]                       0x080038b0   Section        0  main.o(.text.auto_frequency_tracking)
    [Anonymous Symbol]                       0x08003be8   Section        0  usart.o(.text.fputc)
    [Anonymous Symbol]                       0x08003c08   Section        0  main.o(.text.main)
    __arm_cp.0_17                            0x08003e78   Number         4  main.o(.text.main)
    __arm_cp.0_18                            0x08003e7c   Number         4  main.o(.text.main)
    __arm_cp.0_19                            0x08003e80   Number         4  main.o(.text.main)
    __arm_cp.0_20                            0x08003e84   Number         4  main.o(.text.main)
    __arm_cp.0_21                            0x08003e88   Number         4  main.o(.text.main)
    __arm_cp.0_22                            0x08003e8c   Number         4  main.o(.text.main)
    __arm_cp.0_23                            0x08003e90   Number         4  main.o(.text.main)
    __arm_cp.0_24                            0x08003e94   Number         4  main.o(.text.main)
    i.__0printf                              0x08004414   Section        0  printfa.o(i.__0printf)
    i.__ARM_fpclassifyf                      0x08004434   Section        0  fpclassifyf.o(i.__ARM_fpclassifyf)
    i.__aeabi_errno_addr                     0x0800445c   Section        0  errno.o(i.__aeabi_errno_addr)
    i.__hardfp_atan2f                        0x08004464   Section        0  atan2f.o(i.__hardfp_atan2f)
    i.__hardfp_cosf                          0x08004710   Section        0  cosf.o(i.__hardfp_cosf)
    i.__hardfp_floorf                        0x08004860   Section        0  floorf.o(i.__hardfp_floorf)
    i.__hardfp_fmodf                         0x080048d0   Section        0  fmodf.o(i.__hardfp_fmodf)
    i.__mathlib_flt_infnan                   0x08004980   Section        0  funder.o(i.__mathlib_flt_infnan)
    i.__mathlib_flt_infnan2                  0x08004986   Section        0  funder.o(i.__mathlib_flt_infnan2)
    i.__mathlib_flt_invalid                  0x0800498c   Section        0  funder.o(i.__mathlib_flt_invalid)
    i.__mathlib_flt_underflow                0x0800499c   Section        0  funder.o(i.__mathlib_flt_underflow)
    i.__mathlib_rredf2                       0x080049ac   Section        0  rredf.o(i.__mathlib_rredf2)
    i.__scatterload_copy                     0x08004b00   Section       14  handlers.o(i.__scatterload_copy)
    i.__scatterload_null                     0x08004b0e   Section        2  handlers.o(i.__scatterload_null)
    i.__scatterload_zeroinit                 0x08004b10   Section       14  handlers.o(i.__scatterload_zeroinit)
    i.__set_errno                            0x08004b20   Section        0  errno.o(i.__set_errno)
    _fp_digits                               0x08004b2d   Thumb Code   366  printfa.o(i._fp_digits)
    i._fp_digits                             0x08004b2c   Section        0  printfa.o(i._fp_digits)
    _printf_core                             0x08004cb1   Thumb Code  1744  printfa.o(i._printf_core)
    i._printf_core                           0x08004cb0   Section        0  printfa.o(i._printf_core)
    _printf_post_padding                     0x0800538d   Thumb Code    36  printfa.o(i._printf_post_padding)
    i._printf_post_padding                   0x0800538c   Section        0  printfa.o(i._printf_post_padding)
    _printf_pre_padding                      0x080053b1   Thumb Code    46  printfa.o(i._printf_pre_padding)
    i._printf_pre_padding                    0x080053b0   Section        0  printfa.o(i._printf_pre_padding)
    i.puts                                   0x080053e0   Section        0  puts.o(i.puts)
    twooverpi                                0x08005404   Data          32  rredf.o(.constdata)
    .constdata                               0x08005404   Section       32  rredf.o(.constdata)
    .constdata                               0x08005424   Section      129  ctype_o.o(.constdata)
    table                                    0x080054a8   Data           4  ctype_o.o(.constdata)
    .constdata                               0x080054a8   Section        4  ctype_o.o(.constdata)
    DMA_CalcBaseAndBitshift.flagBitshiftOffset 0x080054c4   Data           8  stm32f4xx_hal_dma.o(.rodata.cst8)
    [Anonymous Symbol]                       0x080054c4   Section        0  stm32f4xx_hal_dma.o(.rodata.cst8)
    .L.str.5                                 0x080054cc   Data          47  main.o(.rodata.str1.1)
    [Anonymous Symbol]                       0x080054cc   Section        0  main.o(.rodata.str1.1)
    .L.str.3                                 0x080054fb   Data          21  main.o(.rodata.str1.1)
    .L.str.12                                0x08005510   Data          85  main.o(.rodata.str1.1)
    .L.str.11                                0x08005565   Data         124  main.o(.rodata.str1.1)
    .data                                    0x20000000   Section        4  stdout.o(.data)
    _errno                                   0x20000004   Data           4  errno.o(.data)
    .data                                    0x20000004   Section        4  errno.o(.data)
    .L_MergedGlobals                         0x20000008   Data           8  main.o(.data..L_MergedGlobals)
    [Anonymous Symbol]                       0x20000008   Section        0  main.o(.data..L_MergedGlobals)
    .L_MergedGlobals                         0x20000010   Data           8  stm32f4xx_hal.o(.data..L_MergedGlobals)
    [Anonymous Symbol]                       0x20000010   Section        0  stm32f4xx_hal.o(.data..L_MergedGlobals)
    .L_MergedGlobals.18                      0x20000020   Data          80  main.o(.bss..L_MergedGlobals.18)
    [Anonymous Symbol]                       0x20000020   Section        0  main.o(.bss..L_MergedGlobals.18)
    STACK                                    0x20011a30   Section     1024  startup_stm32f429xx.o(STACK)

    Global Symbols

    Symbol Name                              Value     Ov Type        Size  Object(Section)

    BuildAttributes$$THM_ISAv4$E$P$D$K$B$S$7EM$VFPi3$EXTD16$VFPS$VFMA$PE$A:L22UL41UL21$X:L11$S22US41US21$IEEE1$IW$~IW$USESV6$~STKCKD$USESV7$~SHL$OTIME$ROPI$IEEEX$EBA8$MICROLIB$REQ8$PRES8$EABIv2 0x00000000   Number         0  anon$$obj.o ABSOLUTE
    _printf_a                                0x00000000   Number         0  printfstubs.o ABSOLUTE
    _printf_c                                0x00000000   Number         0  printfstubs.o ABSOLUTE
    _printf_charcount                        0x00000000   Number         0  printfstubs.o ABSOLUTE
    _printf_d                                0x00000000   Number         0  printfstubs.o ABSOLUTE
    _printf_e                                0x00000000   Number         0  printfstubs.o ABSOLUTE
    _printf_f                                0x00000000   Number         0  printfstubs.o ABSOLUTE
    _printf_flags                            0x00000000   Number         0  printfstubs.o ABSOLUTE
    _printf_fp_dec                           0x00000000   Number         0  printfstubs.o ABSOLUTE
    _printf_fp_hex                           0x00000000   Number         0  printfstubs.o ABSOLUTE
    _printf_g                                0x00000000   Number         0  printfstubs.o ABSOLUTE
    _printf_i                                0x00000000   Number         0  printfstubs.o ABSOLUTE
    _printf_int_dec                          0x00000000   Number         0  printfstubs.o ABSOLUTE
    _printf_l                                0x00000000   Number         0  printfstubs.o ABSOLUTE
    _printf_lc                               0x00000000   Number         0  printfstubs.o ABSOLUTE
    _printf_ll                               0x00000000   Number         0  printfstubs.o ABSOLUTE
    _printf_lld                              0x00000000   Number         0  printfstubs.o ABSOLUTE
    _printf_lli                              0x00000000   Number         0  printfstubs.o ABSOLUTE
    _printf_llo                              0x00000000   Number         0  printfstubs.o ABSOLUTE
    _printf_llu                              0x00000000   Number         0  printfstubs.o ABSOLUTE
    _printf_llx                              0x00000000   Number         0  printfstubs.o ABSOLUTE
    _printf_longlong_dec                     0x00000000   Number         0  printfstubs.o ABSOLUTE
    _printf_longlong_hex                     0x00000000   Number         0  printfstubs.o ABSOLUTE
    _printf_longlong_oct                     0x00000000   Number         0  printfstubs.o ABSOLUTE
    _printf_ls                               0x00000000   Number         0  printfstubs.o ABSOLUTE
    _printf_mbtowc                           0x00000000   Number         0  printfstubs.o ABSOLUTE
    _printf_n                                0x00000000   Number         0  printfstubs.o ABSOLUTE
    _printf_o                                0x00000000   Number         0  printfstubs.o ABSOLUTE
    _printf_p                                0x00000000   Number         0  printfstubs.o ABSOLUTE
    _printf_percent                          0x00000000   Number         0  printfstubs.o ABSOLUTE
    _printf_pre_padding                      0x00000000   Number         0  printfstubs.o ABSOLUTE
    _printf_return_value                     0x00000000   Number         0  printfstubs.o ABSOLUTE
    _printf_s                                0x00000000   Number         0  printfstubs.o ABSOLUTE
    _printf_sizespec                         0x00000000   Number         0  printfstubs.o ABSOLUTE
    _printf_str                              0x00000000   Number         0  printfstubs.o ABSOLUTE
    _printf_truncate_signed                  0x00000000   Number         0  printfstubs.o ABSOLUTE
    _printf_truncate_unsigned                0x00000000   Number         0  printfstubs.o ABSOLUTE
    _printf_u                                0x00000000   Number         0  printfstubs.o ABSOLUTE
    _printf_wc                               0x00000000   Number         0  printfstubs.o ABSOLUTE
    _printf_wctomb                           0x00000000   Number         0  printfstubs.o ABSOLUTE
    _printf_widthprec                        0x00000000   Number         0  printfstubs.o ABSOLUTE
    _printf_x                                0x00000000   Number         0  printfstubs.o ABSOLUTE
    __cpp_initialize__aeabi_                  - Undefined Weak Reference
    __cxa_finalize                            - Undefined Weak Reference
    __decompress                              - Undefined Weak Reference
    _clock_init                               - Undefined Weak Reference
    _microlib_exit                            - Undefined Weak Reference
    __Vectors_Size                           0x000001ac   Number         0  startup_stm32f429xx.o ABSOLUTE
    __Vectors                                0x08000000   Data           4  startup_stm32f429xx.o(RESET)
    __Vectors_End                            0x080001ac   Data           0  startup_stm32f429xx.o(RESET)
    __main                                   0x080001ad   Thumb Code     0  entry.o(.ARM.Collect$$$$00000000)
    _main_stk                                0x080001ad   Thumb Code     0  entry2.o(.ARM.Collect$$$$00000001)
    _main_scatterload                        0x080001b1   Thumb Code     0  entry5.o(.ARM.Collect$$$$00000004)
    __main_after_scatterload                 0x080001b5   Thumb Code     0  entry5.o(.ARM.Collect$$$$00000004)
    _main_clock                              0x080001b5   Thumb Code     0  entry7b.o(.ARM.Collect$$$$00000008)
    _main_cpp_init                           0x080001b5   Thumb Code     0  entry8b.o(.ARM.Collect$$$$0000000A)
    _main_init                               0x080001b5   Thumb Code     0  entry9a.o(.ARM.Collect$$$$0000000B)
    __rt_final_cpp                           0x080001bd   Thumb Code     0  entry10a.o(.ARM.Collect$$$$0000000D)
    __rt_final_exit                          0x080001bd   Thumb Code     0  entry11a.o(.ARM.Collect$$$$0000000F)
    Reset_Handler                            0x080001c1   Thumb Code     8  startup_stm32f429xx.o(.text)
    CAN1_RX0_IRQHandler                      0x080001db   Thumb Code     0  startup_stm32f429xx.o(.text)
    CAN1_RX1_IRQHandler                      0x080001db   Thumb Code     0  startup_stm32f429xx.o(.text)
    CAN1_SCE_IRQHandler                      0x080001db   Thumb Code     0  startup_stm32f429xx.o(.text)
    CAN1_TX_IRQHandler                       0x080001db   Thumb Code     0  startup_stm32f429xx.o(.text)
    CAN2_RX0_IRQHandler                      0x080001db   Thumb Code     0  startup_stm32f429xx.o(.text)
    CAN2_RX1_IRQHandler                      0x080001db   Thumb Code     0  startup_stm32f429xx.o(.text)
    CAN2_SCE_IRQHandler                      0x080001db   Thumb Code     0  startup_stm32f429xx.o(.text)
    CAN2_TX_IRQHandler                       0x080001db   Thumb Code     0  startup_stm32f429xx.o(.text)
    DCMI_IRQHandler                          0x080001db   Thumb Code     0  startup_stm32f429xx.o(.text)
    DMA1_Stream0_IRQHandler                  0x080001db   Thumb Code     0  startup_stm32f429xx.o(.text)
    DMA1_Stream1_IRQHandler                  0x080001db   Thumb Code     0  startup_stm32f429xx.o(.text)
    DMA1_Stream2_IRQHandler                  0x080001db   Thumb Code     0  startup_stm32f429xx.o(.text)
    DMA1_Stream3_IRQHandler                  0x080001db   Thumb Code     0  startup_stm32f429xx.o(.text)
    DMA1_Stream4_IRQHandler                  0x080001db   Thumb Code     0  startup_stm32f429xx.o(.text)
    DMA1_Stream7_IRQHandler                  0x080001db   Thumb Code     0  startup_stm32f429xx.o(.text)
    DMA2D_IRQHandler                         0x080001db   Thumb Code     0  startup_stm32f429xx.o(.text)
    DMA2_Stream1_IRQHandler                  0x080001db   Thumb Code     0  startup_stm32f429xx.o(.text)
    DMA2_Stream2_IRQHandler                  0x080001db   Thumb Code     0  startup_stm32f429xx.o(.text)
    DMA2_Stream3_IRQHandler                  0x080001db   Thumb Code     0  startup_stm32f429xx.o(.text)
    DMA2_Stream4_IRQHandler                  0x080001db   Thumb Code     0  startup_stm32f429xx.o(.text)
    DMA2_Stream5_IRQHandler                  0x080001db   Thumb Code     0  startup_stm32f429xx.o(.text)
    DMA2_Stream6_IRQHandler                  0x080001db   Thumb Code     0  startup_stm32f429xx.o(.text)
    DMA2_Stream7_IRQHandler                  0x080001db   Thumb Code     0  startup_stm32f429xx.o(.text)
    ETH_IRQHandler                           0x080001db   Thumb Code     0  startup_stm32f429xx.o(.text)
    ETH_WKUP_IRQHandler                      0x080001db   Thumb Code     0  startup_stm32f429xx.o(.text)
    EXTI0_IRQHandler                         0x080001db   Thumb Code     0  startup_stm32f429xx.o(.text)
    EXTI15_10_IRQHandler                     0x080001db   Thumb Code     0  startup_stm32f429xx.o(.text)
    EXTI1_IRQHandler                         0x080001db   Thumb Code     0  startup_stm32f429xx.o(.text)
    EXTI2_IRQHandler                         0x080001db   Thumb Code     0  startup_stm32f429xx.o(.text)
    EXTI3_IRQHandler                         0x080001db   Thumb Code     0  startup_stm32f429xx.o(.text)
    EXTI4_IRQHandler                         0x080001db   Thumb Code     0  startup_stm32f429xx.o(.text)
    EXTI9_5_IRQHandler                       0x080001db   Thumb Code     0  startup_stm32f429xx.o(.text)
    FLASH_IRQHandler                         0x080001db   Thumb Code     0  startup_stm32f429xx.o(.text)
    FMC_IRQHandler                           0x080001db   Thumb Code     0  startup_stm32f429xx.o(.text)
    FPU_IRQHandler                           0x080001db   Thumb Code     0  startup_stm32f429xx.o(.text)
    HASH_RNG_IRQHandler                      0x080001db   Thumb Code     0  startup_stm32f429xx.o(.text)
    I2C1_ER_IRQHandler                       0x080001db   Thumb Code     0  startup_stm32f429xx.o(.text)
    I2C1_EV_IRQHandler                       0x080001db   Thumb Code     0  startup_stm32f429xx.o(.text)
    I2C2_ER_IRQHandler                       0x080001db   Thumb Code     0  startup_stm32f429xx.o(.text)
    I2C2_EV_IRQHandler                       0x080001db   Thumb Code     0  startup_stm32f429xx.o(.text)
    I2C3_ER_IRQHandler                       0x080001db   Thumb Code     0  startup_stm32f429xx.o(.text)
    I2C3_EV_IRQHandler                       0x080001db   Thumb Code     0  startup_stm32f429xx.o(.text)
    LTDC_ER_IRQHandler                       0x080001db   Thumb Code     0  startup_stm32f429xx.o(.text)
    LTDC_IRQHandler                          0x080001db   Thumb Code     0  startup_stm32f429xx.o(.text)
    OTG_FS_IRQHandler                        0x080001db   Thumb Code     0  startup_stm32f429xx.o(.text)
    OTG_FS_WKUP_IRQHandler                   0x080001db   Thumb Code     0  startup_stm32f429xx.o(.text)
    OTG_HS_EP1_IN_IRQHandler                 0x080001db   Thumb Code     0  startup_stm32f429xx.o(.text)
    OTG_HS_EP1_OUT_IRQHandler                0x080001db   Thumb Code     0  startup_stm32f429xx.o(.text)
    OTG_HS_IRQHandler                        0x080001db   Thumb Code     0  startup_stm32f429xx.o(.text)
    OTG_HS_WKUP_IRQHandler                   0x080001db   Thumb Code     0  startup_stm32f429xx.o(.text)
    PVD_IRQHandler                           0x080001db   Thumb Code     0  startup_stm32f429xx.o(.text)
    RCC_IRQHandler                           0x080001db   Thumb Code     0  startup_stm32f429xx.o(.text)
    RTC_Alarm_IRQHandler                     0x080001db   Thumb Code     0  startup_stm32f429xx.o(.text)
    RTC_WKUP_IRQHandler                      0x080001db   Thumb Code     0  startup_stm32f429xx.o(.text)
    SAI1_IRQHandler                          0x080001db   Thumb Code     0  startup_stm32f429xx.o(.text)
    SDIO_IRQHandler                          0x080001db   Thumb Code     0  startup_stm32f429xx.o(.text)
    SPI1_IRQHandler                          0x080001db   Thumb Code     0  startup_stm32f429xx.o(.text)
    SPI2_IRQHandler                          0x080001db   Thumb Code     0  startup_stm32f429xx.o(.text)
    SPI3_IRQHandler                          0x080001db   Thumb Code     0  startup_stm32f429xx.o(.text)
    SPI4_IRQHandler                          0x080001db   Thumb Code     0  startup_stm32f429xx.o(.text)
    SPI5_IRQHandler                          0x080001db   Thumb Code     0  startup_stm32f429xx.o(.text)
    SPI6_IRQHandler                          0x080001db   Thumb Code     0  startup_stm32f429xx.o(.text)
    TAMP_STAMP_IRQHandler                    0x080001db   Thumb Code     0  startup_stm32f429xx.o(.text)
    TIM1_BRK_TIM9_IRQHandler                 0x080001db   Thumb Code     0  startup_stm32f429xx.o(.text)
    TIM1_CC_IRQHandler                       0x080001db   Thumb Code     0  startup_stm32f429xx.o(.text)
    TIM1_TRG_COM_TIM11_IRQHandler            0x080001db   Thumb Code     0  startup_stm32f429xx.o(.text)
    TIM1_UP_TIM10_IRQHandler                 0x080001db   Thumb Code     0  startup_stm32f429xx.o(.text)
    TIM2_IRQHandler                          0x080001db   Thumb Code     0  startup_stm32f429xx.o(.text)
    TIM3_IRQHandler                          0x080001db   Thumb Code     0  startup_stm32f429xx.o(.text)
    TIM4_IRQHandler                          0x080001db   Thumb Code     0  startup_stm32f429xx.o(.text)
    TIM5_IRQHandler                          0x080001db   Thumb Code     0  startup_stm32f429xx.o(.text)
    TIM6_DAC_IRQHandler                      0x080001db   Thumb Code     0  startup_stm32f429xx.o(.text)
    TIM7_IRQHandler                          0x080001db   Thumb Code     0  startup_stm32f429xx.o(.text)
    TIM8_BRK_TIM12_IRQHandler                0x080001db   Thumb Code     0  startup_stm32f429xx.o(.text)
    TIM8_CC_IRQHandler                       0x080001db   Thumb Code     0  startup_stm32f429xx.o(.text)
    TIM8_TRG_COM_TIM14_IRQHandler            0x080001db   Thumb Code     0  startup_stm32f429xx.o(.text)
    TIM8_UP_TIM13_IRQHandler                 0x080001db   Thumb Code     0  startup_stm32f429xx.o(.text)
    UART4_IRQHandler                         0x080001db   Thumb Code     0  startup_stm32f429xx.o(.text)
    UART5_IRQHandler                         0x080001db   Thumb Code     0  startup_stm32f429xx.o(.text)
    UART7_IRQHandler                         0x080001db   Thumb Code     0  startup_stm32f429xx.o(.text)
    UART8_IRQHandler                         0x080001db   Thumb Code     0  startup_stm32f429xx.o(.text)
    USART2_IRQHandler                        0x080001db   Thumb Code     0  startup_stm32f429xx.o(.text)
    USART3_IRQHandler                        0x080001db   Thumb Code     0  startup_stm32f429xx.o(.text)
    USART6_IRQHandler                        0x080001db   Thumb Code     0  startup_stm32f429xx.o(.text)
    WWDG_IRQHandler                          0x080001db   Thumb Code     0  startup_stm32f429xx.o(.text)
    __aeabi_uldivmod                         0x080001e5   Thumb Code    98  uldiv.o(.text)
    memcmp                                   0x08000247   Thumb Code    26  memcmp.o(.text)
    atoi                                     0x08000261   Thumb Code    26  atoi.o(.text)
    __aeabi_dadd                             0x0800027b   Thumb Code   322  dadd.o(.text)
    __aeabi_dsub                             0x080003bd   Thumb Code     6  dadd.o(.text)
    __aeabi_drsub                            0x080003c3   Thumb Code     6  dadd.o(.text)
    __aeabi_dmul                             0x080003c9   Thumb Code   228  dmul.o(.text)
    __aeabi_ddiv                             0x080004ad   Thumb Code   222  ddiv.o(.text)
    __aeabi_dcmplt                           0x0800058b   Thumb Code    54  dcmplt.o(.text)
    __aeabi_ui2d                             0x080005c1   Thumb Code    26  dfltui.o(.text)
    __aeabi_d2iz                             0x080005db   Thumb Code    62  dfixi.o(.text)
    __aeabi_f2d                              0x08000619   Thumb Code    38  f2d.o(.text)
    __aeabi_d2f                              0x0800063f   Thumb Code    56  d2f.o(.text)
    __aeabi_uidiv                            0x08000677   Thumb Code     0  uidiv.o(.text)
    __aeabi_uidivmod                         0x08000677   Thumb Code    44  uidiv.o(.text)
    __aeabi_llsl                             0x080006a3   Thumb Code    30  llshl.o(.text)
    _ll_shift_l                              0x080006a3   Thumb Code     0  llshl.o(.text)
    __aeabi_llsr                             0x080006c1   Thumb Code    32  llushr.o(.text)
    _ll_ushift_r                             0x080006c1   Thumb Code     0  llushr.o(.text)
    __aeabi_lasr                             0x080006e1   Thumb Code    36  llsshr.o(.text)
    _ll_sshift_r                             0x080006e1   Thumb Code     0  llsshr.o(.text)
    strtol                                   0x08000705   Thumb Code   112  strtol.o(.text)
    __I$use$fp                               0x08000775   Thumb Code     0  iusefp.o(.text)
    _float_round                             0x08000775   Thumb Code    18  fepilogue.o(.text)
    _float_epilogue                          0x08000787   Thumb Code    92  fepilogue.o(.text)
    _frem                                    0x080007e3   Thumb Code    82  frem.o(.text)
    _double_round                            0x08000835   Thumb Code    30  depilogue.o(.text)
    _double_epilogue                         0x08000853   Thumb Code   156  depilogue.o(.text)
    __aeabi_d2ulz                            0x080008ef   Thumb Code    48  dfixul.o(.text)
    __aeabi_cdrcmple                         0x08000921   Thumb Code    48  cdrcmple.o(.text)
    __scatterload                            0x08000951   Thumb Code    28  init.o(.text)
    __scatterload_rt2                        0x08000951   Thumb Code     0  init.o(.text)
    __rt_ctype_table                         0x08000975   Thumb Code     4  ctype_o.o(.text)
    _strtoul                                 0x0800097d   Thumb Code   158  _strtoul.o(.text)
    _chval                                   0x08000a1b   Thumb Code    28  _chval.o(.text)
    ADC_IRQHandler                           0x08000ac5   Thumb Code    12  stm32f4xx_it.o(.text.ADC_IRQHandler)
    BusFault_Handler                         0x08000ad1   Thumb Code     2  stm32f4xx_it.o(.text.BusFault_Handler)
    DAC_DMAConvCpltCh1                       0x08000ad5   Thumb Code    16  stm32f4xx_hal_dac.o(.text.DAC_DMAConvCpltCh1)
    DAC_DMAConvCpltCh2                       0x08000ae5   Thumb Code    16  stm32f4xx_hal_dac_ex.o(.text.DAC_DMAConvCpltCh2)
    DAC_DMAErrorCh1                          0x08000af5   Thumb Code    24  stm32f4xx_hal_dac.o(.text.DAC_DMAErrorCh1)
    DAC_DMAErrorCh2                          0x08000b0d   Thumb Code    24  stm32f4xx_hal_dac_ex.o(.text.DAC_DMAErrorCh2)
    DAC_DMAHalfConvCpltCh1                   0x08000b25   Thumb Code     6  stm32f4xx_hal_dac.o(.text.DAC_DMAHalfConvCpltCh1)
    DAC_DMAHalfConvCpltCh2                   0x08000b2d   Thumb Code     6  stm32f4xx_hal_dac_ex.o(.text.DAC_DMAHalfConvCpltCh2)
    DMA1_Stream5_IRQHandler                  0x08000b35   Thumb Code    12  stm32f4xx_it.o(.text.DMA1_Stream5_IRQHandler)
    DMA1_Stream6_IRQHandler                  0x08000b41   Thumb Code    12  stm32f4xx_it.o(.text.DMA1_Stream6_IRQHandler)
    DMA2_Stream0_IRQHandler                  0x08000b4d   Thumb Code    12  stm32f4xx_it.o(.text.DMA2_Stream0_IRQHandler)
    DebugMon_Handler                         0x08000b59   Thumb Code     2  stm32f4xx_it.o(.text.DebugMon_Handler)
    Error_Handler                            0x08000b5d   Thumb Code     6  main.o(.text.Error_Handler)
    HAL_ADCEx_InjectedConvCpltCallback       0x08000b65   Thumb Code     2  stm32f4xx_hal_adc_ex.o(.text.HAL_ADCEx_InjectedConvCpltCallback)
    HAL_ADC_ConfigChannel                    0x08000b69   Thumb Code   370  stm32f4xx_hal_adc.o(.text.HAL_ADC_ConfigChannel)
    HAL_ADC_ConvCpltCallback                 0x08000cdd   Thumb Code     2  main.o(.text.HAL_ADC_ConvCpltCallback)
    HAL_ADC_ConvHalfCpltCallback             0x08000ce1   Thumb Code    30  main.o(.text.HAL_ADC_ConvHalfCpltCallback)
    HAL_ADC_ErrorCallback                    0x08000d01   Thumb Code     2  stm32f4xx_hal_adc.o(.text.HAL_ADC_ErrorCallback)
    HAL_ADC_IRQHandler                       0x08000d05   Thumb Code   310  stm32f4xx_hal_adc.o(.text.HAL_ADC_IRQHandler)
    HAL_ADC_Init                             0x08000e3d   Thumb Code   350  stm32f4xx_hal_adc.o(.text.HAL_ADC_Init)
    HAL_ADC_LevelOutOfWindowCallback         0x08000f9d   Thumb Code     2  stm32f4xx_hal_adc.o(.text.HAL_ADC_LevelOutOfWindowCallback)
    HAL_ADC_MspInit                          0x08000fa1   Thumb Code   190  adc.o(.text.HAL_ADC_MspInit)
    HAL_ADC_Start_DMA                        0x08001061   Thumb Code   412  stm32f4xx_hal_adc.o(.text.HAL_ADC_Start_DMA)
    HAL_DACEx_ConvCpltCallbackCh2            0x080011fd   Thumb Code     2  stm32f4xx_hal_dac_ex.o(.text.HAL_DACEx_ConvCpltCallbackCh2)
    HAL_DACEx_ConvHalfCpltCallbackCh2        0x08001201   Thumb Code     2  stm32f4xx_hal_dac_ex.o(.text.HAL_DACEx_ConvHalfCpltCallbackCh2)
    HAL_DACEx_ErrorCallbackCh2               0x08001205   Thumb Code     2  stm32f4xx_hal_dac_ex.o(.text.HAL_DACEx_ErrorCallbackCh2)
    HAL_DAC_ConfigChannel                    0x08001209   Thumb Code    94  stm32f4xx_hal_dac.o(.text.HAL_DAC_ConfigChannel)
    HAL_DAC_ConvCpltCallbackCh1              0x08001269   Thumb Code     2  stm32f4xx_hal_dac.o(.text.HAL_DAC_ConvCpltCallbackCh1)
    HAL_DAC_ConvHalfCpltCallbackCh1          0x0800126d   Thumb Code     2  stm32f4xx_hal_dac.o(.text.HAL_DAC_ConvHalfCpltCallbackCh1)
    HAL_DAC_ErrorCallbackCh1                 0x08001271   Thumb Code     2  stm32f4xx_hal_dac.o(.text.HAL_DAC_ErrorCallbackCh1)
    HAL_DAC_Init                             0x08001275   Thumb Code    40  stm32f4xx_hal_dac.o(.text.HAL_DAC_Init)
    HAL_DAC_MspInit                          0x0800129d   Thumb Code   254  dac.o(.text.HAL_DAC_MspInit)
    HAL_DAC_Start_DMA                        0x0800139d   Thumb Code   242  stm32f4xx_hal_dac.o(.text.HAL_DAC_Start_DMA)
    HAL_DMA_Abort                            0x08001491   Thumb Code   142  stm32f4xx_hal_dma.o(.text.HAL_DMA_Abort)
    HAL_DMA_Abort_IT                         0x08001521   Thumb Code    36  stm32f4xx_hal_dma.o(.text.HAL_DMA_Abort_IT)
    HAL_DMA_IRQHandler                       0x08001545   Thumb Code   448  stm32f4xx_hal_dma.o(.text.HAL_DMA_IRQHandler)
    HAL_DMA_Init                             0x08001705   Thumb Code   354  stm32f4xx_hal_dma.o(.text.HAL_DMA_Init)
    HAL_DMA_Start_IT                         0x08001869   Thumb Code   158  stm32f4xx_hal_dma.o(.text.HAL_DMA_Start_IT)
    HAL_GPIO_Init                            0x08001909   Thumb Code   422  stm32f4xx_hal_gpio.o(.text.HAL_GPIO_Init)
    HAL_GetTick                              0x08001ab1   Thumb Code    12  stm32f4xx_hal.o(.text.HAL_GetTick)
    HAL_IncTick                              0x08001abd   Thumb Code    26  stm32f4xx_hal.o(.text.HAL_IncTick)
    HAL_Init                                 0x08001ad9   Thumb Code    54  stm32f4xx_hal.o(.text.HAL_Init)
    HAL_InitTick                             0x08001b11   Thumb Code    72  stm32f4xx_hal.o(.text.HAL_InitTick)
    HAL_MspInit                              0x08001b59   Thumb Code    56  stm32f4xx_hal_msp.o(.text.HAL_MspInit)
    HAL_NVIC_EnableIRQ                       0x08001b91   Thumb Code    38  stm32f4xx_hal_cortex.o(.text.HAL_NVIC_EnableIRQ)
    HAL_NVIC_SetPriority                     0x08001bb9   Thumb Code    86  stm32f4xx_hal_cortex.o(.text.HAL_NVIC_SetPriority)
    HAL_NVIC_SetPriorityGrouping             0x08001c11   Thumb Code    32  stm32f4xx_hal_cortex.o(.text.HAL_NVIC_SetPriorityGrouping)
    HAL_RCC_ClockConfig                      0x08001c31   Thumb Code   352  stm32f4xx_hal_rcc.o(.text.HAL_RCC_ClockConfig)
    HAL_RCC_GetPCLK1Freq                     0x08001d91   Thumb Code    38  stm32f4xx_hal_rcc.o(.text.HAL_RCC_GetPCLK1Freq)
    HAL_RCC_GetPCLK2Freq                     0x08001db9   Thumb Code    38  stm32f4xx_hal_rcc.o(.text.HAL_RCC_GetPCLK2Freq)
    HAL_RCC_GetSysClockFreq                  0x08001de1   Thumb Code   106  stm32f4xx_hal_rcc.o(.text.HAL_RCC_GetSysClockFreq)
    HAL_RCC_OscConfig                        0x08001e4d   Thumb Code   884  stm32f4xx_hal_rcc.o(.text.HAL_RCC_OscConfig)
    HAL_SYSTICK_Config                       0x080021c1   Thumb Code    44  stm32f4xx_hal_cortex.o(.text.HAL_SYSTICK_Config)
    HAL_TIMEx_MasterConfigSynchronization    0x080021ed   Thumb Code   182  stm32f4xx_hal_tim_ex.o(.text.HAL_TIMEx_MasterConfigSynchronization)
    HAL_TIM_Base_Init                        0x080022a5   Thumb Code    90  stm32f4xx_hal_tim.o(.text.HAL_TIM_Base_Init)
    HAL_TIM_Base_MspInit                     0x08002301   Thumb Code    50  tim.o(.text.HAL_TIM_Base_MspInit)
    HAL_TIM_ConfigClockSource                0x08002335   Thumb Code   412  stm32f4xx_hal_tim.o(.text.HAL_TIM_ConfigClockSource)
    HAL_TIM_PWM_ConfigChannel                0x080024d1   Thumb Code   546  stm32f4xx_hal_tim.o(.text.HAL_TIM_PWM_ConfigChannel)
    HAL_TIM_PWM_Init                         0x080026f5   Thumb Code    90  stm32f4xx_hal_tim.o(.text.HAL_TIM_PWM_Init)
    HAL_TIM_PWM_MspInit                      0x08002751   Thumb Code     2  stm32f4xx_hal_tim.o(.text.HAL_TIM_PWM_MspInit)
    HAL_TIM_PWM_Start                        0x08002755   Thumb Code   274  stm32f4xx_hal_tim.o(.text.HAL_TIM_PWM_Start)
    HAL_UARTEx_RxEventCallback               0x08002869   Thumb Code     2  stm32f4xx_hal_uart.o(.text.HAL_UARTEx_RxEventCallback)
    HAL_UART_ErrorCallback                   0x0800286d   Thumb Code     2  stm32f4xx_hal_uart.o(.text.HAL_UART_ErrorCallback)
    HAL_UART_IRQHandler                      0x08002871   Thumb Code  1412  stm32f4xx_hal_uart.o(.text.HAL_UART_IRQHandler)
    HAL_UART_Init                            0x08002df5   Thumb Code    96  stm32f4xx_hal_uart.o(.text.HAL_UART_Init)
    HAL_UART_MspInit                         0x08002e55   Thumb Code   124  usart.o(.text.HAL_UART_MspInit)
    HAL_UART_Receive_IT                      0x08002ed1   Thumb Code    82  stm32f4xx_hal_uart.o(.text.HAL_UART_Receive_IT)
    HAL_UART_RxCpltCallback                  0x08002f25   Thumb Code   224  main.o(.text.HAL_UART_RxCpltCallback)
    HAL_UART_Transmit                        0x08003089   Thumb Code   376  stm32f4xx_hal_uart.o(.text.HAL_UART_Transmit)
    HAL_UART_TxCpltCallback                  0x08003201   Thumb Code     2  stm32f4xx_hal_uart.o(.text.HAL_UART_TxCpltCallback)
    HardFault_Handler                        0x08003205   Thumb Code     2  stm32f4xx_it.o(.text.HardFault_Handler)
    MX_ADC1_Init                             0x08003209   Thumb Code   110  adc.o(.text.MX_ADC1_Init)
    MX_DAC_Init                              0x08003279   Thumb Code    94  dac.o(.text.MX_DAC_Init)
    MX_DMA_Init                              0x080032d9   Thumb Code   108  dma.o(.text.MX_DMA_Init)
    MX_GPIO_Init                             0x08003345   Thumb Code    76  gpio.o(.text.MX_GPIO_Init)
    MX_TIM2_Init                             0x08003391   Thumb Code   192  tim.o(.text.MX_TIM2_Init)
    MX_USART1_UART_Init                      0x08003451   Thumb Code    60  usart.o(.text.MX_USART1_UART_Init)
    MemManage_Handler                        0x0800348d   Thumb Code     2  stm32f4xx_it.o(.text.MemManage_Handler)
    NMI_Handler                              0x08003491   Thumb Code     2  stm32f4xx_it.o(.text.NMI_Handler)
    PendSV_Handler                           0x08003495   Thumb Code     2  stm32f4xx_it.o(.text.PendSV_Handler)
    SVC_Handler                              0x08003499   Thumb Code     2  stm32f4xx_it.o(.text.SVC_Handler)
    SysTick_Handler                          0x0800349d   Thumb Code     4  stm32f4xx_it.o(.text.SysTick_Handler)
    SystemClock_Config                       0x080034a1   Thumb Code   172  main.o(.text.SystemClock_Config)
    SystemInit                               0x0800354d   Thumb Code    18  system_stm32f4xx.o(.text.SystemInit)
    TIM_Base_SetConfig                       0x08003561   Thumb Code   322  stm32f4xx_hal_tim.o(.text.TIM_Base_SetConfig)
    USART1_IRQHandler                        0x080038a1   Thumb Code    12  stm32f4xx_it.o(.text.USART1_IRQHandler)
    UsageFault_Handler                       0x080038ad   Thumb Code     2  stm32f4xx_it.o(.text.UsageFault_Handler)
    auto_frequency_tracking                  0x080038b1   Thumb Code   772  main.o(.text.auto_frequency_tracking)
    fputc                                    0x08003be9   Thumb Code    32  usart.o(.text.fputc)
    main                                     0x08003c09   Thumb Code  1920  main.o(.text.main)
    __0printf                                0x08004415   Thumb Code    22  printfa.o(i.__0printf)
    __1printf                                0x08004415   Thumb Code     0  printfa.o(i.__0printf)
    __2printf                                0x08004415   Thumb Code     0  printfa.o(i.__0printf)
    __c89printf                              0x08004415   Thumb Code     0  printfa.o(i.__0printf)
    printf                                   0x08004415   Thumb Code     0  printfa.o(i.__0printf)
    __ARM_fpclassifyf                        0x08004435   Thumb Code    38  fpclassifyf.o(i.__ARM_fpclassifyf)
    __aeabi_errno_addr                       0x0800445d   Thumb Code     4  errno.o(i.__aeabi_errno_addr)
    __rt_errno_addr                          0x0800445d   Thumb Code     0  errno.o(i.__aeabi_errno_addr)
    __hardfp_atan2f                          0x08004465   Thumb Code   594  atan2f.o(i.__hardfp_atan2f)
    __hardfp_cosf                            0x08004711   Thumb Code   280  cosf.o(i.__hardfp_cosf)
    __hardfp_floorf                          0x08004861   Thumb Code    98  floorf.o(i.__hardfp_floorf)
    __hardfp_fmodf                           0x080048d1   Thumb Code   176  fmodf.o(i.__hardfp_fmodf)
    __mathlib_flt_infnan                     0x08004981   Thumb Code     6  funder.o(i.__mathlib_flt_infnan)
    __mathlib_flt_infnan2                    0x08004987   Thumb Code     6  funder.o(i.__mathlib_flt_infnan2)
    __mathlib_flt_invalid                    0x0800498d   Thumb Code    10  funder.o(i.__mathlib_flt_invalid)
    __mathlib_flt_underflow                  0x0800499d   Thumb Code    10  funder.o(i.__mathlib_flt_underflow)
    __mathlib_rredf2                         0x080049ad   Thumb Code   316  rredf.o(i.__mathlib_rredf2)
    __scatterload_copy                       0x08004b01   Thumb Code    14  handlers.o(i.__scatterload_copy)
    __scatterload_null                       0x08004b0f   Thumb Code     2  handlers.o(i.__scatterload_null)
    __scatterload_zeroinit                   0x08004b11   Thumb Code    14  handlers.o(i.__scatterload_zeroinit)
    __set_errno                              0x08004b21   Thumb Code     6  errno.o(i.__set_errno)
    puts                                     0x080053e1   Thumb Code    30  puts.o(i.puts)
    __ctype_table                            0x08005424   Data         129  ctype_o.o(.constdata)
    AHBPrescTable                            0x080054ac   Data          16  system_stm32f4xx.o(.rodata.AHBPrescTable)
    APBPrescTable                            0x080054bc   Data           8  system_stm32f4xx.o(.rodata.APBPrescTable)
    Region$$Table$$Base                      0x080055e4   Number         0  anon$$obj.o(Region$$Table)
    Region$$Table$$Limit                     0x08005604   Number         0  anon$$obj.o(Region$$Table)
    __stdout                                 0x20000000   Data           4  stdout.o(.data)
    g_output_mode                            0x20000008   Data           1  main.o(.data..L_MergedGlobals)
    flag_state                               0x20000009   Data           1  main.o(.data..L_MergedGlobals)
    g_ref_freq                               0x2000000c   Data           4  main.o(.data..L_MergedGlobals)
    uwTickFreq                               0x20000010   Data           1  stm32f4xx_hal.o(.data..L_MergedGlobals)
    uwTickPrio                               0x20000014   Data           4  stm32f4xx_hal.o(.data..L_MergedGlobals)
    SystemCoreClock                          0x20000018   Data           4  system_stm32f4xx.o(.data.SystemCoreClock)
    rx_index                                 0x20000020   Data           1  main.o(.bss..L_MergedGlobals.18)
    output_mode                              0x20000021   Data           1  main.o(.bss..L_MergedGlobals.18)
    f                                        0x20000022   Data           2  main.o(.bss..L_MergedGlobals.18)
    X_buffer                                 0x20000024   Data           4  main.o(.bss..L_MergedGlobals.18)
    Y_buffer                                 0x20000028   Data           4  main.o(.bss..L_MergedGlobals.18)
    buffer_index                             0x2000002c   Data           4  main.o(.bss..L_MergedGlobals.18)
    buffer_filled                            0x20000030   Data           4  main.o(.bss..L_MergedGlobals.18)
    g_last_phase                             0x20000034   Data           4  main.o(.bss..L_MergedGlobals.18)
    g_last_freq_adjust_time                  0x20000038   Data           4  main.o(.bss..L_MergedGlobals.18)
    g_sample_count                           0x2000003c   Data           4  main.o(.bss..L_MergedGlobals.18)
    g_window1_sum                            0x20000040   Data           4  main.o(.bss..L_MergedGlobals.18)
    g_window2_sum                            0x20000044   Data           4  main.o(.bss..L_MergedGlobals.18)
    g_window3_sum                            0x20000048   Data           4  main.o(.bss..L_MergedGlobals.18)
    g_window4_sum                            0x2000004c   Data           4  main.o(.bss..L_MergedGlobals.18)
    g_window1_count                          0x20000050   Data           4  main.o(.bss..L_MergedGlobals.18)
    g_window2_count                          0x20000054   Data           4  main.o(.bss..L_MergedGlobals.18)
    g_window3_count                          0x20000058   Data           4  main.o(.bss..L_MergedGlobals.18)
    g_window4_count                          0x2000005c   Data           4  main.o(.bss..L_MergedGlobals.18)
    i                                        0x20000060   Data           4  main.o(.bss..L_MergedGlobals.18)
    loop_count                               0x20000064   Data           4  main.o(.bss..L_MergedGlobals.18)
    ref_phase_accumulator                    0x20000068   Data           8  main.o(.bss..L_MergedGlobals.18)
    hadc1                                    0x20000070   Data          72  adc.o(.bss.hadc1)
    hdac                                     0x200000b8   Data          20  dac.o(.bss.hdac)
    hdma_adc1                                0x200000cc   Data          96  adc.o(.bss.hdma_adc1)
    hdma_dac1                                0x2000012c   Data          96  dac.o(.bss.hdma_dac1)
    hdma_dac2                                0x2000018c   Data          96  dac.o(.bss.hdma_dac2)
    htim2                                    0x200001ec   Data          72  tim.o(.bss.htim2)
    huart1                                   0x20000234   Data          72  usart.o(.bss.huart1)
    input_signal_buffer                      0x2000027c   Data        2000  main.o(.bss.input_signal_buffer)
    output_chanel_1                          0x20000a4c   Data        2000  main.o(.bss.output_chanel_1)
    output_chanel_2                          0x2000121c   Data        2000  main.o(.bss.output_chanel_2)
    ref_cos_lut                              0x200019ec   Data       32768  main.o(.bss.ref_cos_lut)
    ref_sin_lut                              0x200099ec   Data       32768  main.o(.bss.ref_sin_lut)
    rx_buffer                                0x200119ec   Data          64  main.o(.bss.rx_buffer)
    uwTick                                   0x20011a2c   Data           4  stm32f4xx_hal.o(.bss.uwTick)
    __initial_sp                             0x20011e30   Data           0  startup_stm32f429xx.o(STACK)



==============================================================================

Memory Map of the image

  Image Entry point : 0x080001ad

  Load Region LR_IROM1 (Base: 0x08000000, Size: 0x00005628, Max: 0x00100000, ABSOLUTE)

    Execution Region ER_IROM1 (Exec base: 0x08000000, Load base: 0x08000000, Size: 0x00005604, Max: 0x00100000, ABSOLUTE)

    Exec Addr    Load Addr    Size         Type   Attr      Idx    E Section Name        Object

    0x08000000   0x08000000   0x000001ac   Data   RO            3    RESET               startup_stm32f429xx.o
    0x080001ac   0x080001ac   0x00000000   Code   RO         1258  * .ARM.Collect$$$$00000000  mc_w.l(entry.o)
    0x080001ac   0x080001ac   0x00000004   Code   RO         1567    .ARM.Collect$$$$00000001  mc_w.l(entry2.o)
    0x080001b0   0x080001b0   0x00000004   Code   RO         1570    .ARM.Collect$$$$00000004  mc_w.l(entry5.o)
    0x080001b4   0x080001b4   0x00000000   Code   RO         1572    .ARM.Collect$$$$00000008  mc_w.l(entry7b.o)
    0x080001b4   0x080001b4   0x00000000   Code   RO         1574    .ARM.Collect$$$$0000000A  mc_w.l(entry8b.o)
    0x080001b4   0x080001b4   0x00000008   Code   RO         1575    .ARM.Collect$$$$0000000B  mc_w.l(entry9a.o)
    0x080001bc   0x080001bc   0x00000000   Code   RO         1577    .ARM.Collect$$$$0000000D  mc_w.l(entry10a.o)
    0x080001bc   0x080001bc   0x00000000   Code   RO         1579    .ARM.Collect$$$$0000000F  mc_w.l(entry11a.o)
    0x080001bc   0x080001bc   0x00000004   Code   RO         1568    .ARM.Collect$$$$00002712  mc_w.l(entry2.o)
    0x080001c0   0x080001c0   0x00000024   Code   RO            4    .text               startup_stm32f429xx.o
    0x080001e4   0x080001e4   0x00000062   Code   RO         1265    .text               mc_w.l(uldiv.o)
    0x08000246   0x08000246   0x0000001a   Code   RO         1267    .text               mc_w.l(memcmp.o)
    0x08000260   0x08000260   0x0000001a   Code   RO         1530    .text               mc_w.l(atoi.o)
    0x0800027a   0x0800027a   0x0000014e   Code   RO         1532    .text               mf_w.l(dadd.o)
    0x080003c8   0x080003c8   0x000000e4   Code   RO         1534    .text               mf_w.l(dmul.o)
    0x080004ac   0x080004ac   0x000000de   Code   RO         1536    .text               mf_w.l(ddiv.o)
    0x0800058a   0x0800058a   0x00000036   Code   RO         1538    .text               mf_w.l(dcmplt.o)
    0x080005c0   0x080005c0   0x0000001a   Code   RO         1540    .text               mf_w.l(dfltui.o)
    0x080005da   0x080005da   0x0000003e   Code   RO         1542    .text               mf_w.l(dfixi.o)
    0x08000618   0x08000618   0x00000026   Code   RO         1544    .text               mf_w.l(f2d.o)
    0x0800063e   0x0800063e   0x00000038   Code   RO         1546    .text               mf_w.l(d2f.o)
    0x08000676   0x08000676   0x0000002c   Code   RO         1591    .text               mc_w.l(uidiv.o)
    0x080006a2   0x080006a2   0x0000001e   Code   RO         1593    .text               mc_w.l(llshl.o)
    0x080006c0   0x080006c0   0x00000020   Code   RO         1595    .text               mc_w.l(llushr.o)
    0x080006e0   0x080006e0   0x00000024   Code   RO         1597    .text               mc_w.l(llsshr.o)
    0x08000704   0x08000704   0x00000070   Code   RO         1606    .text               mc_w.l(strtol.o)
    0x08000774   0x08000774   0x00000000   Code   RO         1608    .text               mc_w.l(iusefp.o)
    0x08000774   0x08000774   0x0000006e   Code   RO         1609    .text               mf_w.l(fepilogue.o)
    0x080007e2   0x080007e2   0x00000052   Code   RO         1611    .text               mf_w.l(frem.o)
    0x08000834   0x08000834   0x000000ba   Code   RO         1613    .text               mf_w.l(depilogue.o)
    0x080008ee   0x080008ee   0x00000030   Code   RO         1615    .text               mf_w.l(dfixul.o)
    0x0800091e   0x0800091e   0x00000002   PAD
    0x08000920   0x08000920   0x00000030   Code   RO         1617    .text               mf_w.l(cdrcmple.o)
    0x08000950   0x08000950   0x00000024   Code   RO         1619    .text               mc_w.l(init.o)
    0x08000974   0x08000974   0x00000008   Code   RO         1621    .text               mc_w.l(ctype_o.o)
    0x0800097c   0x0800097c   0x0000009e   Code   RO         1649    .text               mc_w.l(_strtoul.o)
    0x08000a1a   0x08000a1a   0x0000001c   Code   RO         1651    .text               mc_w.l(_chval.o)
    0x08000a36   0x08000a36   0x00000002   PAD
    0x08000a38   0x08000a38   0x0000006e   Code   RO          213    .text.ADC_DMAConvCplt  stm32f4xx_hal_adc.o
    0x08000aa6   0x08000aa6   0x00000002   PAD
    0x08000aa8   0x08000aa8   0x00000012   Code   RO          217    .text.ADC_DMAError  stm32f4xx_hal_adc.o
    0x08000aba   0x08000aba   0x00000002   PAD
    0x08000abc   0x08000abc   0x00000006   Code   RO          215    .text.ADC_DMAHalfConvCplt  stm32f4xx_hal_adc.o
    0x08000ac2   0x08000ac2   0x00000002   PAD
    0x08000ac4   0x08000ac4   0x0000000c   Code   RO          162    .text.ADC_IRQHandler  stm32f4xx_it.o
    0x08000ad0   0x08000ad0   0x00000002   Code   RO          146    .text.BusFault_Handler  stm32f4xx_it.o
    0x08000ad2   0x08000ad2   0x00000002   PAD
    0x08000ad4   0x08000ad4   0x00000010   Code   RO          703    .text.DAC_DMAConvCpltCh1  stm32f4xx_hal_dac.o
    0x08000ae4   0x08000ae4   0x00000010   Code   RO          759    .text.DAC_DMAConvCpltCh2  stm32f4xx_hal_dac_ex.o
    0x08000af4   0x08000af4   0x00000018   Code   RO          707    .text.DAC_DMAErrorCh1  stm32f4xx_hal_dac.o
    0x08000b0c   0x08000b0c   0x00000018   Code   RO          763    .text.DAC_DMAErrorCh2  stm32f4xx_hal_dac_ex.o
    0x08000b24   0x08000b24   0x00000006   Code   RO          705    .text.DAC_DMAHalfConvCpltCh1  stm32f4xx_hal_dac.o
    0x08000b2a   0x08000b2a   0x00000002   PAD
    0x08000b2c   0x08000b2c   0x00000006   Code   RO          761    .text.DAC_DMAHalfConvCpltCh2  stm32f4xx_hal_dac_ex.o
    0x08000b32   0x08000b32   0x00000002   PAD
    0x08000b34   0x08000b34   0x0000000c   Code   RO          158    .text.DMA1_Stream5_IRQHandler  stm32f4xx_it.o
    0x08000b40   0x08000b40   0x0000000c   Code   RO          160    .text.DMA1_Stream6_IRQHandler  stm32f4xx_it.o
    0x08000b4c   0x08000b4c   0x0000000c   Code   RO          166    .text.DMA2_Stream0_IRQHandler  stm32f4xx_it.o
    0x08000b58   0x08000b58   0x00000002   Code   RO          152    .text.DebugMon_Handler  stm32f4xx_it.o
    0x08000b5a   0x08000b5a   0x00000002   PAD
    0x08000b5c   0x08000b5c   0x00000006   Code   RO           23    .text.Error_Handler  main.o
    0x08000b62   0x08000b62   0x00000002   PAD
    0x08000b64   0x08000b64   0x00000002   Code   RO          265    .text.HAL_ADCEx_InjectedConvCpltCallback  stm32f4xx_hal_adc_ex.o
    0x08000b66   0x08000b66   0x00000002   PAD
    0x08000b68   0x08000b68   0x00000172   Code   RO          225    .text.HAL_ADC_ConfigChannel  stm32f4xx_hal_adc.o
    0x08000cda   0x08000cda   0x00000002   PAD
    0x08000cdc   0x08000cdc   0x00000002   Code   RO           27    .text.HAL_ADC_ConvCpltCallback  main.o
    0x08000cde   0x08000cde   0x00000002   PAD
    0x08000ce0   0x08000ce0   0x0000001e   Code   RO           25    .text.HAL_ADC_ConvHalfCpltCallback  main.o
    0x08000cfe   0x08000cfe   0x00000002   PAD
    0x08000d00   0x08000d00   0x00000002   Code   RO          209    .text.HAL_ADC_ErrorCallback  stm32f4xx_hal_adc.o
    0x08000d02   0x08000d02   0x00000002   PAD
    0x08000d04   0x08000d04   0x00000136   Code   RO          203    .text.HAL_ADC_IRQHandler  stm32f4xx_hal_adc.o
    0x08000e3a   0x08000e3a   0x00000002   PAD
    0x08000e3c   0x08000e3c   0x0000015e   Code   RO          183    .text.HAL_ADC_Init  stm32f4xx_hal_adc.o
    0x08000f9a   0x08000f9a   0x00000002   PAD
    0x08000f9c   0x08000f9c   0x00000002   Code   RO          207    .text.HAL_ADC_LevelOutOfWindowCallback  stm32f4xx_hal_adc.o
    0x08000f9e   0x08000f9e   0x00000002   PAD
    0x08000fa0   0x08000fa0   0x000000be   Code   RO           66    .text.HAL_ADC_MspInit  adc.o
    0x0800105e   0x0800105e   0x00000002   PAD
    0x08001060   0x08001060   0x0000019c   Code   RO          211    .text.HAL_ADC_Start_DMA  stm32f4xx_hal_adc.o
    0x080011fc   0x080011fc   0x00000002   Code   RO          749    .text.HAL_DACEx_ConvCpltCallbackCh2  stm32f4xx_hal_dac_ex.o
    0x080011fe   0x080011fe   0x00000002   PAD
    0x08001200   0x08001200   0x00000002   Code   RO          751    .text.HAL_DACEx_ConvHalfCpltCallbackCh2  stm32f4xx_hal_dac_ex.o
    0x08001202   0x08001202   0x00000002   PAD
    0x08001204   0x08001204   0x00000002   Code   RO          753    .text.HAL_DACEx_ErrorCallbackCh2  stm32f4xx_hal_dac_ex.o
    0x08001206   0x08001206   0x00000002   PAD
    0x08001208   0x08001208   0x0000005e   Code   RO          725    .text.HAL_DAC_ConfigChannel  stm32f4xx_hal_dac.o
    0x08001266   0x08001266   0x00000002   PAD
    0x08001268   0x08001268   0x00000002   Code   RO          717    .text.HAL_DAC_ConvCpltCallbackCh1  stm32f4xx_hal_dac.o
    0x0800126a   0x0800126a   0x00000002   PAD
    0x0800126c   0x0800126c   0x00000002   Code   RO          719    .text.HAL_DAC_ConvHalfCpltCallbackCh1  stm32f4xx_hal_dac.o
    0x0800126e   0x0800126e   0x00000002   PAD
    0x08001270   0x08001270   0x00000002   Code   RO          721    .text.HAL_DAC_ErrorCallbackCh1  stm32f4xx_hal_dac.o
    0x08001272   0x08001272   0x00000002   PAD
    0x08001274   0x08001274   0x00000028   Code   RO          689    .text.HAL_DAC_Init  stm32f4xx_hal_dac.o
    0x0800129c   0x0800129c   0x000000fe   Code   RO           82    .text.HAL_DAC_MspInit  dac.o
    0x0800139a   0x0800139a   0x00000002   PAD
    0x0800139c   0x0800139c   0x000000f2   Code   RO          701    .text.HAL_DAC_Start_DMA  stm32f4xx_hal_dac.o
    0x0800148e   0x0800148e   0x00000002   PAD
    0x08001490   0x08001490   0x0000008e   Code   RO          450    .text.HAL_DMA_Abort  stm32f4xx_hal_dma.o
    0x0800151e   0x0800151e   0x00000002   PAD
    0x08001520   0x08001520   0x00000024   Code   RO          452    .text.HAL_DMA_Abort_IT  stm32f4xx_hal_dma.o
    0x08001544   0x08001544   0x000001c0   Code   RO          456    .text.HAL_DMA_IRQHandler  stm32f4xx_hal_dma.o
    0x08001704   0x08001704   0x00000162   Code   RO          442    .text.HAL_DMA_Init  stm32f4xx_hal_dma.o
    0x08001866   0x08001866   0x00000002   PAD
    0x08001868   0x08001868   0x0000009e   Code   RO          448    .text.HAL_DMA_Start_IT  stm32f4xx_hal_dma.o
    0x08001906   0x08001906   0x00000002   PAD
    0x08001908   0x08001908   0x000001a6   Code   RO          404    .text.HAL_GPIO_Init  stm32f4xx_hal_gpio.o
    0x08001aae   0x08001aae   0x00000002   PAD
    0x08001ab0   0x08001ab0   0x0000000c   Code   RO          607    .text.HAL_GetTick   stm32f4xx_hal.o
    0x08001abc   0x08001abc   0x0000001a   Code   RO          605    .text.HAL_IncTick   stm32f4xx_hal.o
    0x08001ad6   0x08001ad6   0x00000002   PAD
    0x08001ad8   0x08001ad8   0x00000036   Code   RO          595    .text.HAL_Init      stm32f4xx_hal.o
    0x08001b0e   0x08001b0e   0x00000002   PAD
    0x08001b10   0x08001b10   0x00000048   Code   RO          597    .text.HAL_InitTick  stm32f4xx_hal.o
    0x08001b58   0x08001b58   0x00000038   Code   RO          175    .text.HAL_MspInit   stm32f4xx_hal_msp.o
    0x08001b90   0x08001b90   0x00000026   Code   RO          547    .text.HAL_NVIC_EnableIRQ  stm32f4xx_hal_cortex.o
    0x08001bb6   0x08001bb6   0x00000002   PAD
    0x08001bb8   0x08001bb8   0x00000056   Code   RO          545    .text.HAL_NVIC_SetPriority  stm32f4xx_hal_cortex.o
    0x08001c0e   0x08001c0e   0x00000002   PAD
    0x08001c10   0x08001c10   0x00000020   Code   RO          543    .text.HAL_NVIC_SetPriorityGrouping  stm32f4xx_hal_cortex.o
    0x08001c30   0x08001c30   0x00000160   Code   RO          284    .text.HAL_RCC_ClockConfig  stm32f4xx_hal_rcc.o
    0x08001d90   0x08001d90   0x00000026   Code   RO          296    .text.HAL_RCC_GetPCLK1Freq  stm32f4xx_hal_rcc.o
    0x08001db6   0x08001db6   0x00000002   PAD
    0x08001db8   0x08001db8   0x00000026   Code   RO          298    .text.HAL_RCC_GetPCLK2Freq  stm32f4xx_hal_rcc.o
    0x08001dde   0x08001dde   0x00000002   PAD
    0x08001de0   0x08001de0   0x0000006a   Code   RO          286    .text.HAL_RCC_GetSysClockFreq  stm32f4xx_hal_rcc.o
    0x08001e4a   0x08001e4a   0x00000002   PAD
    0x08001e4c   0x08001e4c   0x00000374   Code   RO          282    .text.HAL_RCC_OscConfig  stm32f4xx_hal_rcc.o
    0x080021c0   0x080021c0   0x0000002c   Code   RO          555    .text.HAL_SYSTICK_Config  stm32f4xx_hal_cortex.o
    0x080021ec   0x080021ec   0x000000b6   Code   RO         1068    .text.HAL_TIMEx_MasterConfigSynchronization  stm32f4xx_hal_tim_ex.o
    0x080022a2   0x080022a2   0x00000002   PAD
    0x080022a4   0x080022a4   0x0000005a   Code   RO          773    .text.HAL_TIM_Base_Init  stm32f4xx_hal_tim.o
    0x080022fe   0x080022fe   0x00000002   PAD
    0x08002300   0x08002300   0x00000032   Code   RO          108    .text.HAL_TIM_Base_MspInit  tim.o
    0x08002332   0x08002332   0x00000002   PAD
    0x08002334   0x08002334   0x0000019c   Code   RO          953    .text.HAL_TIM_ConfigClockSource  stm32f4xx_hal_tim.o
    0x080024d0   0x080024d0   0x00000222   Code   RO          927    .text.HAL_TIM_PWM_ConfigChannel  stm32f4xx_hal_tim.o
    0x080026f2   0x080026f2   0x00000002   PAD
    0x080026f4   0x080026f4   0x0000005a   Code   RO          827    .text.HAL_TIM_PWM_Init  stm32f4xx_hal_tim.o
    0x0800274e   0x0800274e   0x00000002   PAD
    0x08002750   0x08002750   0x00000002   Code   RO          829    .text.HAL_TIM_PWM_MspInit  stm32f4xx_hal_tim.o
    0x08002752   0x08002752   0x00000002   PAD
    0x08002754   0x08002754   0x00000112   Code   RO          835    .text.HAL_TIM_PWM_Start  stm32f4xx_hal_tim.o
    0x08002866   0x08002866   0x00000002   PAD
    0x08002868   0x08002868   0x00000002   Code   RO         1178    .text.HAL_UARTEx_RxEventCallback  stm32f4xx_hal_uart.o
    0x0800286a   0x0800286a   0x00000002   PAD
    0x0800286c   0x0800286c   0x00000002   Code   RO         1176    .text.HAL_UART_ErrorCallback  stm32f4xx_hal_uart.o
    0x0800286e   0x0800286e   0x00000002   PAD
    0x08002870   0x08002870   0x00000584   Code   RO         1170    .text.HAL_UART_IRQHandler  stm32f4xx_hal_uart.o
    0x08002df4   0x08002df4   0x00000060   Code   RO         1092    .text.HAL_UART_Init  stm32f4xx_hal_uart.o
    0x08002e54   0x08002e54   0x0000007c   Code   RO          123    .text.HAL_UART_MspInit  usart.o
    0x08002ed0   0x08002ed0   0x00000052   Code   RO         1114    .text.HAL_UART_Receive_IT  stm32f4xx_hal_uart.o
    0x08002f22   0x08002f22   0x00000002   PAD
    0x08002f24   0x08002f24   0x00000164   Code   RO           29    .text.HAL_UART_RxCpltCallback  main.o
    0x08003088   0x08003088   0x00000178   Code   RO         1108    .text.HAL_UART_Transmit  stm32f4xx_hal_uart.o
    0x08003200   0x08003200   0x00000002   Code   RO         1180    .text.HAL_UART_TxCpltCallback  stm32f4xx_hal_uart.o
    0x08003202   0x08003202   0x00000002   PAD
    0x08003204   0x08003204   0x00000002   Code   RO          142    .text.HardFault_Handler  stm32f4xx_it.o
    0x08003206   0x08003206   0x00000002   PAD
    0x08003208   0x08003208   0x0000006e   Code   RO           64    .text.MX_ADC1_Init  adc.o
    0x08003276   0x08003276   0x00000002   PAD
    0x08003278   0x08003278   0x0000005e   Code   RO           80    .text.MX_DAC_Init   dac.o
    0x080032d6   0x080032d6   0x00000002   PAD
    0x080032d8   0x080032d8   0x0000006c   Code   RO           97    .text.MX_DMA_Init   dma.o
    0x08003344   0x08003344   0x0000004c   Code   RO           56    .text.MX_GPIO_Init  gpio.o
    0x08003390   0x08003390   0x000000c0   Code   RO          106    .text.MX_TIM2_Init  tim.o
    0x08003450   0x08003450   0x0000003c   Code   RO          121    .text.MX_USART1_UART_Init  usart.o
    0x0800348c   0x0800348c   0x00000002   Code   RO          144    .text.MemManage_Handler  stm32f4xx_it.o
    0x0800348e   0x0800348e   0x00000002   PAD
    0x08003490   0x08003490   0x00000002   Code   RO          140    .text.NMI_Handler   stm32f4xx_it.o
    0x08003492   0x08003492   0x00000002   PAD
    0x08003494   0x08003494   0x00000002   Code   RO          154    .text.PendSV_Handler  stm32f4xx_it.o
    0x08003496   0x08003496   0x00000002   PAD
    0x08003498   0x08003498   0x00000002   Code   RO          150    .text.SVC_Handler   stm32f4xx_it.o
    0x0800349a   0x0800349a   0x00000002   PAD
    0x0800349c   0x0800349c   0x00000004   Code   RO          156    .text.SysTick_Handler  stm32f4xx_it.o
    0x080034a0   0x080034a0   0x000000ac   Code   RO           13    .text.SystemClock_Config  main.o
    0x0800354c   0x0800354c   0x00000012   Code   RO         1214    .text.SystemInit    system_stm32f4xx.o
    0x0800355e   0x0800355e   0x00000002   PAD
    0x08003560   0x08003560   0x00000142   Code   RO          777    .text.TIM_Base_SetConfig  stm32f4xx_hal_tim.o
    0x080036a2   0x080036a2   0x00000002   PAD
    0x080036a4   0x080036a4   0x0000000a   Code   RO         1174    .text.UART_DMAAbortOnError  stm32f4xx_hal_uart.o
    0x080036ae   0x080036ae   0x00000002   PAD
    0x080036b0   0x080036b0   0x000000fe   Code   RO         1172    .text.UART_Receive_IT  stm32f4xx_hal_uart.o
    0x080037ae   0x080037ae   0x00000002   PAD
    0x080037b0   0x080037b0   0x000000ee   Code   RO         1096    .text.UART_SetConfig  stm32f4xx_hal_uart.o
    0x0800389e   0x0800389e   0x00000002   PAD
    0x080038a0   0x080038a0   0x0000000c   Code   RO          164    .text.USART1_IRQHandler  stm32f4xx_it.o
    0x080038ac   0x080038ac   0x00000002   Code   RO          148    .text.UsageFault_Handler  stm32f4xx_it.o
    0x080038ae   0x080038ae   0x00000002   PAD
    0x080038b0   0x080038b0   0x00000338   Code   RO           21    .text.auto_frequency_tracking  main.o
    0x08003be8   0x08003be8   0x00000020   Code   RO          127    .text.fputc         usart.o
    0x08003c08   0x08003c08   0x0000080c   Code   RO           11    .text.main          main.o
    0x08004414   0x08004414   0x00000020   Code   RO         1502    i.__0printf         mc_w.l(printfa.o)
    0x08004434   0x08004434   0x00000026   Code   RO         1548    i.__ARM_fpclassifyf  m_wm.l(fpclassifyf.o)
    0x0800445a   0x0800445a   0x00000002   PAD
    0x0800445c   0x0800445c   0x00000008   Code   RO         1599    i.__aeabi_errno_addr  mc_w.l(errno.o)
    0x08004464   0x08004464   0x000002ac   Code   RO         1228    i.__hardfp_atan2f   m_wm.l(atan2f.o)
    0x08004710   0x08004710   0x00000150   Code   RO         1234    i.__hardfp_cosf     m_wm.l(cosf.o)
    0x08004860   0x08004860   0x00000070   Code   RO         1240    i.__hardfp_floorf   m_wm.l(floorf.o)
    0x080048d0   0x080048d0   0x000000b0   Code   RO         1246    i.__hardfp_fmodf    m_wm.l(fmodf.o)
    0x08004980   0x08004980   0x00000006   Code   RO         1551    i.__mathlib_flt_infnan  m_wm.l(funder.o)
    0x08004986   0x08004986   0x00000006   Code   RO         1552    i.__mathlib_flt_infnan2  m_wm.l(funder.o)
    0x0800498c   0x0800498c   0x00000010   Code   RO         1553    i.__mathlib_flt_invalid  m_wm.l(funder.o)
    0x0800499c   0x0800499c   0x00000010   Code   RO         1556    i.__mathlib_flt_underflow  m_wm.l(funder.o)
    0x080049ac   0x080049ac   0x00000154   Code   RO         1564    i.__mathlib_rredf2  m_wm.l(rredf.o)
    0x08004b00   0x08004b00   0x0000000e   Code   RO         1655    i.__scatterload_copy  mc_w.l(handlers.o)
    0x08004b0e   0x08004b0e   0x00000002   Code   RO         1656    i.__scatterload_null  mc_w.l(handlers.o)
    0x08004b10   0x08004b10   0x0000000e   Code   RO         1657    i.__scatterload_zeroinit  mc_w.l(handlers.o)
    0x08004b1e   0x08004b1e   0x00000002   PAD
    0x08004b20   0x08004b20   0x0000000c   Code   RO         1601    i.__set_errno       mc_w.l(errno.o)
    0x08004b2c   0x08004b2c   0x00000184   Code   RO         1509    i._fp_digits        mc_w.l(printfa.o)
    0x08004cb0   0x08004cb0   0x000006dc   Code   RO         1510    i._printf_core      mc_w.l(printfa.o)
    0x0800538c   0x0800538c   0x00000024   Code   RO         1511    i._printf_post_padding  mc_w.l(printfa.o)
    0x080053b0   0x080053b0   0x0000002e   Code   RO         1512    i._printf_pre_padding  mc_w.l(printfa.o)
    0x080053de   0x080053de   0x00000002   PAD
    0x080053e0   0x080053e0   0x00000024   Code   RO         1261    i.puts              mc_w.l(puts.o)
    0x08005404   0x08005404   0x00000020   Data   RO         1565    .constdata          m_wm.l(rredf.o)
    0x08005424   0x08005424   0x00000081   Data   RO         1622    .constdata          mc_w.l(ctype_o.o)
    0x080054a5   0x080054a5   0x00000003   PAD
    0x080054a8   0x080054a8   0x00000004   Data   RO         1623    .constdata          mc_w.l(ctype_o.o)
    0x080054ac   0x080054ac   0x00000010   Data   RO         1219    .rodata.AHBPrescTable  system_stm32f4xx.o
    0x080054bc   0x080054bc   0x00000008   Data   RO         1220    .rodata.APBPrescTable  system_stm32f4xx.o
    0x080054c4   0x080054c4   0x00000008   Data   RO          466    .rodata.cst8        stm32f4xx_hal_dma.o
    0x080054cc   0x080054cc   0x00000115   Data   RO           41    .rodata.str1.1      main.o
    0x080055e1   0x080055e1   0x00000003   PAD
    0x080055e4   0x080055e4   0x00000020   Data   RO         1654    Region$$Table       anon$$obj.o


    Execution Region RW_IRAM2 (Exec base: 0x10000000, Load base: 0x08005628, Size: 0x00000000, Max: 0x00010000, ABSOLUTE)

    **** No section assigned to this execution region ****


    Execution Region RW_IRAM1 (Exec base: 0x20000000, Load base: 0x08005608, Size: 0x00011e30, Max: 0x00030000, ABSOLUTE)

    Exec Addr    Load Addr    Size         Type   Attr      Idx    E Section Name        Object

    0x20000000   0x08005608   0x00000004   Data   RW         1581    .data               mc_w.l(stdout.o)
    0x20000004   0x0800560c   0x00000004   Data   RW         1602    .data               mc_w.l(errno.o)
    0x20000008   0x08005610   0x00000008   Data   RW           46    .data..L_MergedGlobals  main.o
    0x20000010   0x08005618   0x00000008   Data   RW          654    .data..L_MergedGlobals  stm32f4xx_hal.o
    0x20000018   0x08005620   0x00000004   Data   RW         1218    .data.SystemCoreClock  system_stm32f4xx.o
    0x2000001c   0x08005624   0x00000004   PAD
    0x20000020        -       0x00000050   Zero   RW           47    .bss..L_MergedGlobals.18  main.o
    0x20000070        -       0x00000048   Zero   RW           70    .bss.hadc1          adc.o
    0x200000b8        -       0x00000014   Zero   RW           86    .bss.hdac           dac.o
    0x200000cc        -       0x00000060   Zero   RW           71    .bss.hdma_adc1      adc.o
    0x2000012c        -       0x00000060   Zero   RW           87    .bss.hdma_dac1      dac.o
    0x2000018c        -       0x00000060   Zero   RW           88    .bss.hdma_dac2      dac.o
    0x200001ec        -       0x00000048   Zero   RW          112    .bss.htim2          tim.o
    0x20000234        -       0x00000048   Zero   RW          131    .bss.huart1         usart.o
    0x2000027c        -       0x000007d0   Zero   RW           37    .bss.input_signal_buffer  main.o
    0x20000a4c        -       0x000007d0   Zero   RW           40    .bss.output_chanel_1  main.o
    0x2000121c        -       0x000007d0   Zero   RW           38    .bss.output_chanel_2  main.o
    0x200019ec        -       0x00008000   Zero   RW           42    .bss.ref_cos_lut    main.o
    0x200099ec        -       0x00008000   Zero   RW           43    .bss.ref_sin_lut    main.o
    0x200119ec        -       0x00000040   Zero   RW           39    .bss.rx_buffer      main.o
    0x20011a2c        -       0x00000004   Zero   RW          653    .bss.uwTick         stm32f4xx_hal.o
    0x20011a30        -       0x00000400   Zero   RW            1    STACK               startup_stm32f429xx.o


==============================================================================

Image component sizes


      Code (inc. data)   RO Data    RW Data    ZI Data      Debug   Object Name

       300          0          0          0        168       7224   adc.o
       348          0          0          0        212       4842   dac.o
       108          0          0          0          0       3719   dma.o
        76          0          0          0          0       1510   gpio.o
      3450        380        277          8      71680      18276   main.o
        36          8        428          0       1024        848   startup_stm32f429xx.o
       164          0          0          8          4       7705   stm32f4xx_hal.o
      1580          0          0          0          0      11973   stm32f4xx_hal_adc.o
         2          0          0          0          0       9780   stm32f4xx_hal_adc_ex.o
       200          0          0          0          0      10988   stm32f4xx_hal_cortex.o
       428          0          0          0          0       7990   stm32f4xx_hal_dac.o
        52          0          0          0          0       5770   stm32f4xx_hal_dac_ex.o
      1138          6          8          0          0      10607   stm32f4xx_hal_dma.o
       422          0          0          0          0       5311   stm32f4xx_hal_gpio.o
        56          0          0          0          0       1509   stm32f4xx_hal_msp.o
      1418          0          0          0          0       7441   stm32f4xx_hal_rcc.o
      1736          4          0          0          0      55178   stm32f4xx_hal_tim.o
       182          0          0          0          0      21198   stm32f4xx_hal_tim_ex.o
      2474          0          0          0          0      32152   stm32f4xx_hal_uart.o
        80          0          0          0          0       5512   stm32f4xx_it.o
        18          0         24          4          0       2641   system_stm32f4xx.o
       242          0          0          0         72       5483   tim.o
       216          0          0          0         72       7924   usart.o

    ----------------------------------------------------------------------
     14848        398        772         20      73236     245581   Object Totals
         0          0         32          0          0          0   (incl. Generated)
       122          0          3          0          4          0   (incl. Padding)

    ----------------------------------------------------------------------

      Code (inc. data)   RO Data    RW Data    ZI Data      Debug   Library Member Name

       684         90          0          0          0        208   atan2f.o
       336         56          0          0          0        136   cosf.o
       112         14          0          0          0        116   floorf.o
       176          0          0          0          0        168   fmodf.o
        38          0          0          0          0        116   fpclassifyf.o
        44         12          0          0          0        464   funder.o
       340         24         32          0          0        160   rredf.o
        28          0          0          0          0         68   _chval.o
       158          0          0          0          0         92   _strtoul.o
        26          0          0          0          0         80   atoi.o
         8          4        133          0          0         68   ctype_o.o
         0          0          0          0          0          0   entry.o
         0          0          0          0          0          0   entry10a.o
         0          0          0          0          0          0   entry11a.o
         8          4          0          0          0          0   entry2.o
         4          0          0          0          0          0   entry5.o
         0          0          0          0          0          0   entry7b.o
         0          0          0          0          0          0   entry8b.o
         8          4          0          0          0          0   entry9a.o
        20         10          0          4          0        136   errno.o
        30          0          0          0          0          0   handlers.o
        36          8          0          0          0         68   init.o
         0          0          0          0          0          0   iusefp.o
        30          0          0          0          0         68   llshl.o
        36          0          0          0          0         68   llsshr.o
        32          0          0          0          0         68   llushr.o
        26          0          0          0          0         80   memcmp.o
      2258         90          0          0          0        452   printfa.o
        36          6          0          0          0         80   puts.o
         0          0          0          4          0          0   stdout.o
       112          0          0          0          0         88   strtol.o
        44          0          0          0          0         80   uidiv.o
        98          0          0          0          0         92   uldiv.o
        48          0          0          0          0         68   cdrcmple.o
        56          0          0          0          0         88   d2f.o
       334          0          0          0          0        148   dadd.o
        54          0          0          0          0         80   dcmplt.o
       222          0          0          0          0        100   ddiv.o
       186          0          0          0          0        176   depilogue.o
        62          0          0          0          0         80   dfixi.o
        48          0          0          0          0         68   dfixul.o
        26          0          0          0          0         76   dfltui.o
       228          0          0          0          0         96   dmul.o
        38          0          0          0          0         68   f2d.o
       110          0          0          0          0        168   fepilogue.o
        82          0          0          0          0         96   frem.o

    ----------------------------------------------------------------------
      6232        322        168          8          0       4268   Library Totals
        10          0          3          0          0          0   (incl. Padding)

    ----------------------------------------------------------------------

      Code (inc. data)   RO Data    RW Data    ZI Data      Debug   Library Name

      1730        196         32          0          0       1368   m_wm.l
      2998        126        133          8          0       1588   mc_w.l
      1494          0          0          0          0       1312   mf_w.l

    ----------------------------------------------------------------------
      6232        322        168          8          0       4268   Library Totals

    ----------------------------------------------------------------------

==============================================================================


      Code (inc. data)   RO Data    RW Data    ZI Data      Debug   

     21080        720        940         28      73236     247225   Grand Totals
     21080        720        940         28      73236     247225   ELF Image Totals
     21080        720        940         28          0          0   ROM Totals

==============================================================================

    Total RO  Size (Code + RO Data)                22020 (  21.50kB)
    Total RW  Size (RW Data + ZI Data)             73264 (  71.55kB)
    Total ROM Size (Code + RO Data + RW Data)      22048 (  21.53kB)

==============================================================================

